Archive member included to satisfy reference by file (symbol)

c:/program files (x86)/arm gnu toolchain arm-none-eabi/12.2 rel1/bin/../lib/gcc/arm-none-eabi/12.2.1/thumb/v7-m/nofp\libc_nano.a(libc_a-exit.o)
                              c:/program files (x86)/arm gnu toolchain arm-none-eabi/12.2 rel1/bin/../lib/gcc/arm-none-eabi/12.2.1/thumb/v7-m/nofp/crt0.o (exit)
c:/program files (x86)/arm gnu toolchain arm-none-eabi/12.2 rel1/bin/../lib/gcc/arm-none-eabi/12.2.1/thumb/v7-m/nofp\libc_nano.a(libc_a-malloc.o)
                              build/double_integral.o (free)
c:/program files (x86)/arm gnu toolchain arm-none-eabi/12.2 rel1/bin/../lib/gcc/arm-none-eabi/12.2.1/thumb/v7-m/nofp\libc_nano.a(libc_a-mallocr.o)
                              c:/program files (x86)/arm gnu toolchain arm-none-eabi/12.2 rel1/bin/../lib/gcc/arm-none-eabi/12.2.1/thumb/v7-m/nofp\libc_nano.a(libc_a-malloc.o) (_malloc_r)
c:/program files (x86)/arm gnu toolchain arm-none-eabi/12.2 rel1/bin/../lib/gcc/arm-none-eabi/12.2.1/thumb/v7-m/nofp\libc_nano.a(libc_a-mlock.o)
                              c:/program files (x86)/arm gnu toolchain arm-none-eabi/12.2 rel1/bin/../lib/gcc/arm-none-eabi/12.2.1/thumb/v7-m/nofp\libc_nano.a(libc_a-mallocr.o) (__malloc_lock)
c:/program files (x86)/arm gnu toolchain arm-none-eabi/12.2 rel1/bin/../lib/gcc/arm-none-eabi/12.2.1/thumb/v7-m/nofp\libc_nano.a(libc_a-findfp.o)
                              c:/program files (x86)/arm gnu toolchain arm-none-eabi/12.2 rel1/bin/../lib/gcc/arm-none-eabi/12.2.1/thumb/v7-m/nofp\libc_nano.a(libc_a-exit.o) (__stdio_exit_handler)
c:/program files (x86)/arm gnu toolchain arm-none-eabi/12.2 rel1/bin/../lib/gcc/arm-none-eabi/12.2.1/thumb/v7-m/nofp\libc_nano.a(libc_a-fwalk.o)
                              c:/program files (x86)/arm gnu toolchain arm-none-eabi/12.2 rel1/bin/../lib/gcc/arm-none-eabi/12.2.1/thumb/v7-m/nofp\libc_nano.a(libc_a-findfp.o) (_fwalk_sglue)
c:/program files (x86)/arm gnu toolchain arm-none-eabi/12.2 rel1/bin/../lib/gcc/arm-none-eabi/12.2.1/thumb/v7-m/nofp\libc_nano.a(libc_a-sprintf.o)
                              build/mcu_fn.o (sprintf)
c:/program files (x86)/arm gnu toolchain arm-none-eabi/12.2 rel1/bin/../lib/gcc/arm-none-eabi/12.2.1/thumb/v7-m/nofp\libc_nano.a(libc_a-stdio.o)
                              c:/program files (x86)/arm gnu toolchain arm-none-eabi/12.2 rel1/bin/../lib/gcc/arm-none-eabi/12.2.1/thumb/v7-m/nofp\libc_nano.a(libc_a-findfp.o) (__sread)
c:/program files (x86)/arm gnu toolchain arm-none-eabi/12.2 rel1/bin/../lib/gcc/arm-none-eabi/12.2.1/thumb/v7-m/nofp\libc_nano.a(libc_a-memset.o)
                              c:/program files (x86)/arm gnu toolchain arm-none-eabi/12.2 rel1/bin/../lib/gcc/arm-none-eabi/12.2.1/thumb/v7-m/nofp/crt0.o (memset)
c:/program files (x86)/arm gnu toolchain arm-none-eabi/12.2 rel1/bin/../lib/gcc/arm-none-eabi/12.2.1/thumb/v7-m/nofp\libc_nano.a(libc_a-strncat.o)
                              build/mcu_fn.o (strncat)
c:/program files (x86)/arm gnu toolchain arm-none-eabi/12.2 rel1/bin/../lib/gcc/arm-none-eabi/12.2.1/thumb/v7-m/nofp\libc_nano.a(libc_a-strncpy.o)
                              build/mcu_fn.o (strncpy)
c:/program files (x86)/arm gnu toolchain arm-none-eabi/12.2 rel1/bin/../lib/gcc/arm-none-eabi/12.2.1/thumb/v7-m/nofp\libc_nano.a(libc_a-closer.o)
                              c:/program files (x86)/arm gnu toolchain arm-none-eabi/12.2 rel1/bin/../lib/gcc/arm-none-eabi/12.2.1/thumb/v7-m/nofp\libc_nano.a(libc_a-stdio.o) (_close_r)
c:/program files (x86)/arm gnu toolchain arm-none-eabi/12.2 rel1/bin/../lib/gcc/arm-none-eabi/12.2.1/thumb/v7-m/nofp\libc_nano.a(libc_a-reent.o)
                              c:/program files (x86)/arm gnu toolchain arm-none-eabi/12.2 rel1/bin/../lib/gcc/arm-none-eabi/12.2.1/thumb/v7-m/nofp\libc_nano.a(libc_a-closer.o) (errno)
c:/program files (x86)/arm gnu toolchain arm-none-eabi/12.2 rel1/bin/../lib/gcc/arm-none-eabi/12.2.1/thumb/v7-m/nofp\libc_nano.a(libc_a-impure.o)
                              c:/program files (x86)/arm gnu toolchain arm-none-eabi/12.2 rel1/bin/../lib/gcc/arm-none-eabi/12.2.1/thumb/v7-m/nofp\libc_nano.a(libc_a-malloc.o) (_impure_ptr)
c:/program files (x86)/arm gnu toolchain arm-none-eabi/12.2 rel1/bin/../lib/gcc/arm-none-eabi/12.2.1/thumb/v7-m/nofp\libc_nano.a(libc_a-lseekr.o)
                              c:/program files (x86)/arm gnu toolchain arm-none-eabi/12.2 rel1/bin/../lib/gcc/arm-none-eabi/12.2.1/thumb/v7-m/nofp\libc_nano.a(libc_a-stdio.o) (_lseek_r)
c:/program files (x86)/arm gnu toolchain arm-none-eabi/12.2 rel1/bin/../lib/gcc/arm-none-eabi/12.2.1/thumb/v7-m/nofp\libc_nano.a(libc_a-readr.o)
                              c:/program files (x86)/arm gnu toolchain arm-none-eabi/12.2 rel1/bin/../lib/gcc/arm-none-eabi/12.2.1/thumb/v7-m/nofp\libc_nano.a(libc_a-stdio.o) (_read_r)
c:/program files (x86)/arm gnu toolchain arm-none-eabi/12.2 rel1/bin/../lib/gcc/arm-none-eabi/12.2.1/thumb/v7-m/nofp\libc_nano.a(libc_a-sbrkr.o)
[...]
Memory Configuration

Name             Origin             Length             Attributes
RAM              0x20000000         0x0000c000         xrw
FLASH            0x08000000         0x00040000         xr
*default*        0x00000000         0xffffffff

Linker script and memory map

LOAD c:/program files (x86)/arm gnu toolchain arm-none-eabi/12.2 rel1/bin/../lib/gcc/arm-none-eabi/12.2.1/thumb/v7-m/nofp/crti.o
LOAD c:/program files (x86)/arm gnu toolchain arm-none-eabi/12.2 rel1/bin/../lib/gcc/arm-none-eabi/12.2.1/thumb/v7-m/nofp/crtbegin.o
LOAD c:/program files (x86)/arm gnu toolchain arm-none-eabi/12.2 rel1/bin/../lib/gcc/arm-none-eabi/12.2.1/thumb/v7-m/nofp/crt0.o
LOAD build/main.o
LOAD build/gpio.o
LOAD build/spi.o
LOAD build/rtc.o
LOAD build/adc.o
LOAD build/usart.o
LOAD build/stm32f1xx_it.o
LOAD build/stm32f1xx_hal_msp.o
LOAD build/stm32f1xx_hal_gpio_ex.o
LOAD build/stm32f1xx_hal_spi.o
LOAD build/stm32f1xx_hal.o
LOAD build/stm32f1xx_hal_rcc.o
LOAD build/stm32f1xx_hal_rtc.o
LOAD build/stm32f1xx_hal_rcc_ex.o
LOAD build/stm32f1xx_hal_adc.o
LOAD build/stm32f1xx_hal_adc_ex.o
LOAD build/stm32f1xx_hal_rtc_ex.o
LOAD build/stm32f1xx_hal_gpio.o
LOAD build/stm32f1xx_hal_dma.o
LOAD build/stm32f1xx_hal_cortex.o
LOAD build/stm32f1xx_hal_pwr.o
LOAD build/stm32f1xx_hal_flash.o
LOAD build/stm32f1xx_hal_flash_ex.o
LOAD build/stm32f1xx_hal_exti.o
LOAD build/stm32f1xx_hal_tim.o
LOAD build/stm32f1xx_hal_tim_ex.o
LOAD build/stm32f1xx_hal_uart.o
LOAD build/system_stm32f1xx.o
LOAD build/WindowCoeff.o
LOAD build/double_integral.o
LOAD build/fft_handle.o
LOAD build/radio.o
LOAD build/sx126x_board.o
LOAD build/sx126x_Init.o
LOAD build/sx126x.o
LOAD build/mcu_fn.o
LOAD build/mcu_flash.o
LOAD build/startup_stm32f103xe.o
LOAD build/cr4_fft_1024_stm32.o
LOAD c:/program files (x86)/arm gnu toolchain arm-none-eabi/12.2 rel1/bin/../lib/gcc/arm-none-eabi/12.2.1/thumb/v7-m/nofp\libc_nano.a
LOAD c:/program files (x86)/arm gnu toolchain arm-none-eabi/12.2 rel1/bin/../lib/gcc/arm-none-eabi/12.2.1/thumb/v7-m/nofp\libm.a
LOAD c:/program files (x86)/arm gnu toolchain arm-none-eabi/12.2 rel1/bin/../lib/gcc/arm-none-eabi/12.2.1/thumb/v7-m/nofp\libnosys.a
LOAD Middlewares/ST/ARM/DSP/Lib/libarm_cortexM3l_math.a
START GROUP
LOAD c:/program files (x86)/arm gnu toolchain arm-none-eabi/12.2 rel1/bin/../lib/gcc/arm-none-eabi/12.2.1/thumb/v7-m/nofp\libgcc.a
LOAD c:/program files (x86)/arm gnu toolchain arm-none-eabi/12.2 rel1/bin/../lib/gcc/arm-none-eabi/12.2.1/thumb/v7-m/nofp\libc_nano.a
END GROUP
START GROUP
LOAD c:/program files (x86)/arm gnu toolchain arm-none-eabi/12.2 rel1/bin/../lib/gcc/arm-none-eabi/12.2.1/thumb/v7-m/nofp\libgcc.a
LOAD c:/program files (x86)/arm gnu toolchain arm-none-eabi/12.2 rel1/bin/../lib/gcc/arm-none-eabi/12.2.1/thumb/v7-m/nofp\libc_nano.a
END GROUP
LOAD c:/program files (x86)/arm gnu toolchain arm-none-eabi/12.2 rel1/bin/../lib/gcc/arm-none-eabi/12.2.1/thumb/v7-m/nofp/crtend.o
LOAD c:/program files (x86)/arm gnu toolchain arm-none-eabi/12.2 rel1/bin/../lib/gcc/arm-none-eabi/12.2.1/thumb/v7-m/nofp/crtn.o
                0x2000c000                _estack = (ORIGIN (RAM) + LENGTH (RAM))
                0x00000400                _Min_Heap_Size = 0x400
                0x00000800                _Min_Stack_Size = 0x800

.isr_vector     0x08000000      0x1e4
                0x08000000                . = ALIGN (0x4)
 *(.isr_vector)
 .isr_vector    0x08000000      0x1e4 build/startup_stm32f103xe.o
                0x08000000                g_pfnVectors
                0x080001e4                . = ALIGN (0x4)

.text           0x080001e8     0x7c68
                0x080001e8                . = ALIGN (0x4)
 *(.text)
 .text          0x080001e8      0x378 c:/program files (x86)/arm gnu toolchain arm-none-eabi/12.2 rel1/bin/../lib/gcc/arm-none-eabi/12.2.1/thumb/v7-m/nofp\libgcc.a(_arm_addsubdf3.o)
                0x080001e8                __aeabi_drsub
                0x080001f0                __aeabi_dsub
                0x080001f0                __subdf3
                0x080001f4                __aeabi_dadd
                0x080001f4                __adddf3
                0x0800046c                __floatunsidf
                0x0800046c                __aeabi_ui2d
                0x0800048c                __floatsidf
                0x0800048c                __aeabi_i2d
                0x080004b0                __aeabi_f2d
                0x080004b0                __extendsfdf2
                0x080004f4                __floatundidf
                0x080004f4                __aeabi_ul2d
                0x08000504                __floatdidf
                0x08000504                __aeabi_l2d
 .text          0x08000560      0x424 c:/program files (x86)/arm gnu toolchain arm-none-eabi/12.2 rel1/bin/../lib/gcc/arm-none-eabi/12.2.1/thumb/v7-m/nofp\libgcc.a(_arm_muldivdf3.o)
                0x08000560                __aeabi_dmul
                0x08000560                __muldf3
                0x080007b4                __divdf3
                0x080007b4                __aeabi_ddiv
 .text          0x08000984      0x110 c:/program files (x86)/arm gnu toolchain arm-none-eabi/12.2 rel1/bin/../lib/gcc/arm-none-eabi/12.2.1/thumb/v7-m/nofp\libgcc.a(_arm_cmpdf2.o)
                0x08000984                __gtdf2
                0x08000984                __gedf2
                0x0800098c                __ltdf2
                0x0800098c                __ledf2
                0x08000994                __nedf2
                0x08000994                __eqdf2
                0x08000994                __cmpdf2
                0x08000a10                __aeabi_cdrcmple
                0x08000a20                __aeabi_cdcmpeq
                0x08000a20                __aeabi_cdcmple
                0x08000a30                __aeabi_dcmpeq
                0x08000a44                __aeabi_dcmplt
                0x08000a58                __aeabi_dcmple
                0x08000a6c                __aeabi_dcmpge
                0x08000a80                __aeabi_dcmpgt
 .text          0x08000a94       0x2c c:/program files (x86)/arm gnu toolchain arm-none-eabi/12.2 rel1/bin/../lib/gcc/arm-none-eabi/12.2.1/thumb/v7-m/nofp\libgcc.a(_arm_unorddf2.o)
                0x08000a94                __unorddf2
                0x08000a94                __aeabi_dcmpun
 .text          0x08000ac0       0x40 c:/program files (x86)/arm gnu toolchain arm-none-eabi/12.2 rel1/bin/../lib/gcc/arm-none-eabi/12.2.1/thumb/v7-m/nofp\libgcc.a(_arm_fixunsdfsi.o)
                0x08000ac0                __aeabi_d2uiz
                0x08000ac0                __fixunsdfsi
 .text          0x08000b00       0xa0 c:/program files (x86)/arm gnu toolchain arm-none-eabi/12.2 rel1/bin/../lib/gcc/arm-none-eabi/12.2.1/thumb/v7-m/nofp\libgcc.a(_arm_truncdfsf2.o)
                0x08000b00                __truncdfsf2
                0x08000b00                __aeabi_d2f
 .text          0x08000ba0      0x21c c:/program files (x86)/arm gnu toolchain arm-none-eabi/12.2 rel1/bin/../lib/gcc/arm-none-eabi/12.2.1/thumb/v7-m/nofp\libgcc.a(_arm_addsubsf3.o)
                0x08000ba0                __aeabi_frsub
                0x08000ba8                __subsf3
                0x08000ba8                __aeabi_fsub
                0x08000bac                __aeabi_fadd
                0x08000bac                __addsf3
                0x08000d0c                __aeabi_ui2f
                0x08000d0c                __floatunsisf
                0x08000d14                __aeabi_i2f
                0x08000d14                __floatsisf
                0x08000d30                __aeabi_ul2f
                0x08000d30                __floatundisf
                0x08000d40                __aeabi_l2f
                0x08000d40                __floatdisf
 .text          0x08000dbc      0x2a0 c:/program files (x86)/arm gnu toolchain arm-none-eabi/12.2 rel1/bin/../lib/gcc/arm-none-eabi/12.2.1/thumb/v7-m/nofp\libgcc.a(_arm_muldivsf3.o)
                0x08000dbc                __mulsf3
                0x08000dbc                __aeabi_fmul
                0x08000f24                __aeabi_fdiv
                0x08000f24                __divsf3
 .text          0x0800105c       0xec c:/program files (x86)/arm gnu toolchain arm-none-eabi/12.2 rel1/bin/../lib/gcc/arm-none-eabi/12.2.1/thumb/v7-m/nofp\libgcc.a(_arm_cmpsf2.o)
                0x0800105c                __gesf2
                0x0800105c                __gtsf2
                0x08001064                __lesf2
                0x08001064                __ltsf2
                0x0800106c                __nesf2
                0x0800106c                __eqsf2
                0x0800106c                __cmpsf2
                0x080010cc                __aeabi_cfrcmple
                0x080010d4                __aeabi_cfcmpeq
                0x080010d4                __aeabi_cfcmple
                0x080010e4                __aeabi_fcmpeq
                0x080010f8                __aeabi_fcmplt
                0x0800110c                __aeabi_fcmple
                0x08001120                __aeabi_fcmpge
                0x08001134                __aeabi_fcmpgt
 .text          0x08001148       0x4c c:/program files (x86)/arm gnu toolchain arm-none-eabi/12.2 rel1/bin/../lib/gcc/arm-none-eabi/12.2.1/thumb/v7-m/nofp\libgcc.a(_arm_fixsfsi.o)
                0x08001148                __aeabi_f2iz
                0x08001148                __fixsfsi
 .text          0x08001194       0x40 c:/program files (x86)/arm gnu toolchain arm-none-eabi/12.2 rel1/bin/../lib/gcc/arm-none-eabi/12.2.1/thumb/v7-m/nofp\libgcc.a(_arm_fixunssfsi.o)
                0x08001194                __fixunssfsi
                0x08001194                __aeabi_f2uiz
 *(.text*)
 .text.deregister_tm_clones
                0x080011d4       0x1c c:/program files (x86)/arm gnu toolchain arm-none-eabi/12.2 rel1/bin/../lib/gcc/arm-none-eabi/12.2.1/thumb/v7-m/nofp/crtbegin.o
 .text.register_tm_clones
                0x080011f0       0x24 c:/program files (x86)/arm gnu toolchain arm-none-eabi/12.2 rel1/bin/../lib/gcc/arm-none-eabi/12.2.1/thumb/v7-m/nofp/crtbegin.o
 .text.__do_global_dtors_aux
                0x08001214       0x28 c:/program files (x86)/arm gnu toolchain arm-none-eabi/12.2 rel1/bin/../lib/gcc/arm-none-eabi/12.2.1/thumb/v7-m/nofp/crtbegin.o
 .text.frame_dummy
                0x0800123c       0x24 c:/program files (x86)/arm gnu toolchain arm-none-eabi/12.2 rel1/bin/../lib/gcc/arm-none-eabi/12.2.1/thumb/v7-m/nofp/crtbegin.o
 .text.Error_Handler
                0x08001260        0x4 build/main.o
                0x08001260                Error_Handler
 .text.SystemClock_Config
                0x08001264       0x90 build/main.o
                0x08001264                SystemClock_Config
 .text.main     0x080012f4      0x158 build/main.o
                0x080012f4                main
 .text.MX_GPIO_Init
                0x0800144c      0x104 build/gpio.o
                0x0800144c                MX_GPIO_Init
 .text.MX_SPI1_Init
                0x08001550       0x44 build/spi.o
                0x08001550                MX_SPI1_Init
 .text.HAL_SPI_MspInit
                0x08001594       0x74 build/spi.o
                0x08001594                HAL_SPI_MspInit
 .text.SpiInOut
                0x08001608       0x38 build/spi.o
                0x08001608                SpiInOut
 .text.MX_RTC_Init
                0x08001640       0x60 build/rtc.o
                0x08001640                MX_RTC_Init
 .text.HAL_RTC_MspInit
                0x080016a0       0x50 build/rtc.o
                0x080016a0                HAL_RTC_MspInit
 .text.MX_ADC1_Init
                0x080016f0       0x5c build/adc.o
                0x080016f0                MX_ADC1_Init
 .text.HAL_ADC_MspInit
                0x0800174c       0x60 build/adc.o
                0x0800174c                HAL_ADC_MspInit
 .text.Get_ADC_Value
                0x080017ac       0x2c build/adc.o
                0x080017ac                Get_ADC_Value
 .text.get_voltage
                0x080017d8       0x90 build/adc.o
                0x080017d8                get_voltage
 .text.MX_USART3_UART_Init
                0x08001868       0x34 build/usart.o
                0x08001868                MX_USART3_UART_Init
 .text.HAL_UART_MspInit
                0x0800189c       0x78 build/usart.o
                0x0800189c                HAL_UART_MspInit
 .text.NMI_Handler
                0x08001914        0x2 build/stm32f1xx_it.o
                0x08001914                NMI_Handler
 .text.HardFault_Handler
                0x08001916        0x2 build/stm32f1xx_it.o
                0x08001916                HardFault_Handler
 .text.MemManage_Handler
                0x08001918        0x2 build/stm32f1xx_it.o
                0x08001918                MemManage_Handler
 .text.BusFault_Handler
                0x0800191a        0x2 build/stm32f1xx_it.o
                0x0800191a                BusFault_Handler
 .text.UsageFault_Handler
                0x0800191c        0x2 build/stm32f1xx_it.o
                0x0800191c                UsageFault_Handler
 .text.SVC_Handler
                0x0800191e        0x2 build/stm32f1xx_it.o
                0x0800191e                SVC_Handler
 .text.DebugMon_Handler
                0x08001920        0x2 build/stm32f1xx_it.o
                0x08001920                DebugMon_Handler
 .text.PendSV_Handler
                0x08001922        0x2 build/stm32f1xx_it.o
                0x08001922                PendSV_Handler
 .text.SysTick_Handler
                0x08001924        0x8 build/stm32f1xx_it.o
                0x08001924                SysTick_Handler
 .text.RTC_Alarm_IRQHandler
                0x0800192c       0x10 build/stm32f1xx_it.o
                0x0800192c                RTC_Alarm_IRQHandler
 .text.HAL_MspInit
                0x0800193c       0x44 build/stm32f1xx_hal_msp.o
                0x0800193c                HAL_MspInit
 .text.SPI_WaitFlagStateUntilTimeout
                0x08001980       0xc8 build/stm32f1xx_hal_spi.o
 .text.SPI_EndRxTxTransaction
                0x08001a48       0x24 build/stm32f1xx_hal_spi.o
 .text.HAL_SPI_Init
                0x08001a6c       0xb6 build/stm32f1xx_hal_spi.o
                0x08001a6c                HAL_SPI_Init
 .text.HAL_SPI_TransmitReceive
                0x08001b22      0x244 build/stm32f1xx_hal_spi.o
                0x08001b22                HAL_SPI_TransmitReceive
 *fill*         0x08001d66        0x2 
 .text.HAL_InitTick
                0x08001d68       0x4c build/stm32f1xx_hal.o
                0x08001d68                HAL_InitTick
 .text.HAL_Init
                0x08001db4       0x24 build/stm32f1xx_hal.o
                0x08001db4                HAL_Init
 .text.HAL_IncTick
                0x08001dd8       0x18 build/stm32f1xx_hal.o
                0x08001dd8                HAL_IncTick
 .text.HAL_GetTick
                0x08001df0        0xc build/stm32f1xx_hal.o
                0x08001df0                HAL_GetTick
 .text.HAL_Delay
                0x08001dfc       0x28 build/stm32f1xx_hal.o
                0x08001dfc                HAL_Delay
 .text.RCC_Delay
                0x08001e24       0x2c build/stm32f1xx_hal_rcc.o
 .text.HAL_RCC_OscConfig
                0x08001e50      0x410 build/stm32f1xx_hal_rcc.o
                0x08001e50                HAL_RCC_OscConfig
 .text.HAL_RCC_GetSysClockFreq
                0x08002260       0x54 build/stm32f1xx_hal_rcc.o
                0x08002260                HAL_RCC_GetSysClockFreq
 .text.HAL_RCC_ClockConfig
                0x080022b4      0x16c build/stm32f1xx_hal_rcc.o
                0x080022b4                HAL_RCC_ClockConfig
 .text.HAL_RCC_GetHCLKFreq
                0x08002420        0xc build/stm32f1xx_hal_rcc.o
                0x08002420                HAL_RCC_GetHCLKFreq
 .text.HAL_RCC_GetPCLK1Freq
                0x0800242c       0x20 build/stm32f1xx_hal_rcc.o
                0x0800242c                HAL_RCC_GetPCLK1Freq
 .text.HAL_RCC_GetPCLK2Freq
                0x0800244c       0x20 build/stm32f1xx_hal_rcc.o
                0x0800244c                HAL_RCC_GetPCLK2Freq
 .text.RTC_ReadTimeCounter
                0x0800246c       0x2a build/stm32f1xx_hal_rtc.o
 .text.RTC_ReadAlarmCounter
                0x08002496        0xe build/stm32f1xx_hal_rtc.o
 .text.RTC_Bcd2ToByte
                0x080024a4       0x12 build/stm32f1xx_hal_rtc.o
 *fill*         0x080024b6        0x2 
 .text.RTC_WeekDayNum
                0x080024b8       0x98 build/stm32f1xx_hal_rtc.o
 .text.RTC_EnterInitMode
                0x08002550       0x30 build/stm32f1xx_hal_rtc.o
 .text.RTC_ExitInitMode
                0x08002580       0x32 build/stm32f1xx_hal_rtc.o
 .text.RTC_WriteTimeCounter
                0x080025b2       0x2a build/stm32f1xx_hal_rtc.o
 .text.RTC_WriteAlarmCounter
                0x080025dc       0x2a build/stm32f1xx_hal_rtc.o
 .text.HAL_RTC_SetTime
                0x08002606       0xc2 build/stm32f1xx_hal_rtc.o
                0x08002606                HAL_RTC_SetTime
 .text.HAL_RTC_SetDate
                0x080026c8       0xd4 build/stm32f1xx_hal_rtc.o
                0x080026c8                HAL_RTC_SetDate
 .text.HAL_RTC_AlarmAEventCallback
                0x0800279c        0x2 build/stm32f1xx_hal_rtc.o
                0x0800279c                HAL_RTC_AlarmAEventCallback
 *fill*         0x0800279e        0x2 
 .text.HAL_RTC_AlarmIRQHandler
                0x080027a0       0x38 build/stm32f1xx_hal_rtc.o
                0x080027a0                HAL_RTC_AlarmIRQHandler
 .text.HAL_RTC_WaitForSynchro
                0x080027d8       0x38 build/stm32f1xx_hal_rtc.o
                0x080027d8                HAL_RTC_WaitForSynchro
 .text.HAL_RTC_Init
                0x08002810       0xb0 build/stm32f1xx_hal_rtc.o
                0x08002810                HAL_RTC_Init
 .text.HAL_RCCEx_PeriphCLKConfig
                0x080028c0      0x118 build/stm32f1xx_hal_rcc_ex.o
                0x080028c0                HAL_RCCEx_PeriphCLKConfig
 .text.HAL_RCCEx_GetPeriphCLKFreq
                0x080029d8       0xf4 build/stm32f1xx_hal_rcc_ex.o
                0x080029d8                HAL_RCCEx_GetPeriphCLKFreq
 .text.HAL_ADC_PollForConversion
                0x08002acc      0x184 build/stm32f1xx_hal_adc.o
                0x08002acc                HAL_ADC_PollForConversion
 .text.HAL_ADC_GetValue
                0x08002c50        0x6 build/stm32f1xx_hal_adc.o
                0x08002c50                HAL_ADC_GetValue
 *fill*         0x08002c56        0x2 
 .text.HAL_ADC_ConfigChannel
                0x08002c58      0x140 build/stm32f1xx_hal_adc.o
                0x08002c58                HAL_ADC_ConfigChannel
 .text.ADC_Enable
                0x08002d98       0x88 build/stm32f1xx_hal_adc.o
                0x08002d98                ADC_Enable
 .text.HAL_ADC_Start
                0x08002e20       0xe8 build/stm32f1xx_hal_adc.o
                0x08002e20                HAL_ADC_Start
 .text.ADC_ConversionStop_Disable
                0x08002f08       0x56 build/stm32f1xx_hal_adc.o
                0x08002f08                ADC_ConversionStop_Disable
 *fill*         0x08002f5e        0x2 
 .text.HAL_ADC_Init
                0x08002f60      0x128 build/stm32f1xx_hal_adc.o
                0x08002f60                HAL_ADC_Init
 .text.HAL_ADC_Stop
                0x08003088       0x34 build/stm32f1xx_hal_adc.o
                0x08003088                HAL_ADC_Stop
 .text.HAL_RTCEx_BKUPWrite
                0x080030bc       0x10 build/stm32f1xx_hal_rtc_ex.o
                0x080030bc                HAL_RTCEx_BKUPWrite
 .text.HAL_RTCEx_BKUPRead
                0x080030cc       0x10 build/stm32f1xx_hal_rtc_ex.o
                0x080030cc                HAL_RTCEx_BKUPRead
 .text.HAL_GPIO_Init
                0x080030dc      0x238 build/stm32f1xx_hal_gpio.o
                0x080030dc                HAL_GPIO_Init
 .text.HAL_GPIO_ReadPin
                0x08003314        0xe build/stm32f1xx_hal_gpio.o
                0x08003314                HAL_GPIO_ReadPin
 .text.HAL_GPIO_WritePin
                0x08003322        0xc build/stm32f1xx_hal_gpio.o
                0x08003322                HAL_GPIO_WritePin
 *fill*         0x0800332e        0x2 
 .text.__NVIC_SetPriority
                0x08003330       0x28 build/stm32f1xx_hal_cortex.o
 .text.NVIC_EncodePriority
                0x08003358       0x3e build/stm32f1xx_hal_cortex.o
 *fill*         0x08003396        0x2 
 .text.HAL_NVIC_SetPriorityGrouping
                0x08003398       0x24 build/stm32f1xx_hal_cortex.o
                0x08003398                HAL_NVIC_SetPriorityGrouping
 .text.HAL_NVIC_SetPriority
                0x080033bc       0x20 build/stm32f1xx_hal_cortex.o
                0x080033bc                HAL_NVIC_SetPriority
 .text.HAL_NVIC_EnableIRQ
                0x080033dc       0x1c build/stm32f1xx_hal_cortex.o
                0x080033dc                HAL_NVIC_EnableIRQ
 .text.HAL_SYSTICK_Config
                0x080033f8       0x28 build/stm32f1xx_hal_cortex.o
                0x080033f8                HAL_SYSTICK_Config
 .text.HAL_PWR_EnableBkUpAccess
                0x08003420        0xc build/stm32f1xx_hal_pwr.o
                0x08003420                HAL_PWR_EnableBkUpAccess
 .text.UART_SetConfig
                0x0800342c       0x94 build/stm32f1xx_hal_uart.o
 .text.UART_WaitOnFlagUntilTimeout
                0x080034c0       0x84 build/stm32f1xx_hal_uart.o
 .text.HAL_UART_Init
                0x08003544       0x60 build/stm32f1xx_hal_uart.o
                0x08003544                HAL_UART_Init
 .text.HAL_UART_Transmit
                0x080035a4       0xbe build/stm32f1xx_hal_uart.o
                0x080035a4                HAL_UART_Transmit
 .text.SystemInit
                0x08003662        0x2 build/system_stm32f1xx.o
                0x08003662                SystemInit
 .text.Init_WindowCoef1024
                0x08003664       0x28 build/WindowCoeff.o
                0x08003664                Init_WindowCoef1024
 .text.integ_init
                0x0800368c      0x2b8 build/double_integral.o
                0x0800368c                integ_init
 .text.GetMagAndFreq
                0x08003944      0x104 build/double_integral.o
                0x08003944                GetMagAndFreq
 .text.frq_domain_integral
                0x08003a48      0x1ec build/double_integral.o
                0x08003a48                frq_domain_integral
 .text.SampleClk
                0x08003c34       0x90 build/fft_handle.o
 .text.ADRead   0x08003cc4       0x9c build/fft_handle.o
                0x08003cc4                ADRead
 .text.fftGetFreqAmplitude
                0x08003d60       0x78 build/fft_handle.o
                0x08003d60                fftGetFreqAmplitude
 .text.RadioGetFskBandwidthRegValue
                0x08003dd8       0x3c build/radio.o
 .text.RadioCheckRfFrequency
                0x08003e14        0x4 build/radio.o
                0x08003e14                RadioCheckRfFrequency
 .text.RadioGetWakeupTime
                0x08003e18        0x4 build/radio.o
                0x08003e18                RadioGetWakeupTime
 .text.RadioOnDioIrq
                0x08003e1c        0xc build/radio.o
                0x08003e1c                RadioOnDioIrq
 .text.RadioStandby
                0x08003e28        0xa build/radio.o
                0x08003e28                RadioStandby
 *fill*         0x08003e32        0x2 
 .text.RadioInit
                0x08003e34       0x4c build/radio.o
                0x08003e34                RadioInit
 .text.RadioGetStatus
                0x08003e80       0x1e build/radio.o
                0x08003e80                RadioGetStatus
 .text.RadioSetChannel
                0x08003e9e        0x8 build/radio.o
                0x08003e9e                RadioSetChannel
 .text.delay1ms
                0x08003ea6        0x8 build/radio.o
 *fill*         0x08003eae        0x2 
 .text.RadioRx  0x08003eb0       0x30 build/radio.o
                0x08003eb0                RadioRx
 .text.RadioRssi
                0x08003ee0        0x8 build/radio.o
                0x08003ee0                RadioRssi
 .text.RadioSetMaxPayloadLength
                0x08003ee8       0x34 build/radio.o
                0x08003ee8                RadioSetMaxPayloadLength
 *fill*         0x08003f1c        0x4 
 .text.RadioTimeOnAir
                0x08003f20      0x1a8 build/radio.o
                0x08003f20                RadioTimeOnAir
 .text.RadioSend
                0x080040c8       0x3c build/radio.o
                0x080040c8                RadioSend
 .text.RadioSleep
                0x08004104       0x12 build/radio.o
                0x08004104                RadioSleep
 *fill*         0x08004116        0x2 
 .text.RadioRxBoosted
                0x08004118       0x30 build/radio.o
                0x08004118                RadioRxBoosted
 .text.RadioSetRxDutyCycle
                0x08004148        0x8 build/radio.o
                0x08004148                RadioSetRxDutyCycle
 .text.RadioStartCad
                0x08004150        0x8 build/radio.o
                0x08004150                RadioStartCad
 .text.RadioSetTxContinuousWave
                0x08004158       0x14 build/radio.o
                0x08004158                RadioSetTxContinuousWave
 .text.RadioWrite
                0x0800416c        0x8 build/radio.o
                0x0800416c                RadioWrite
 .text.RadioSetPublicNetwork
                0x08004174       0x44 build/radio.o
                0x08004174                RadioSetPublicNetwork
 .text.RadioSetModem
                0x080041b8       0x30 build/radio.o
                0x080041b8                RadioSetModem
 .text.RadioIsChannelFree
                0x080041e8       0x22 build/radio.o
                0x080041e8                RadioIsChannelFree
 .text.RadioRandom
                0x0800420a       0x36 build/radio.o
                0x0800420a                RadioRandom
 .text.RadioSetRxConfig
                0x08004240      0x1e4 build/radio.o
                0x08004240                RadioSetRxConfig
 .text.RadioSetTxConfig
                0x08004424      0x174 build/radio.o
                0x08004424                RadioSetTxConfig
 .text.RadioRead
                0x08004598        0x8 build/radio.o
                0x08004598                RadioRead
 .text.RadioWriteBuffer
                0x080045a0        0x8 build/radio.o
                0x080045a0                RadioWriteBuffer
 .text.RadioReadBuffer
                0x080045a8        0x8 build/radio.o
                0x080045a8                RadioReadBuffer
 .text.RadioIrqProcess
                0x080045b0      0x10c build/radio.o
                0x080045b0                RadioIrqProcess
 .text.HAL_Delay_nMS
                0x080046bc        0x8 build/sx126x_board.o
                0x080046bc                HAL_Delay_nMS
 .text.SX126xReset
                0x080046c4       0x30 build/sx126x_board.o
                0x080046c4                SX126xReset
 .text.Sx1276SetNSS
                0x080046f4       0x20 build/sx126x_board.o
                0x080046f4                Sx1276SetNSS
 .text.Sx1276SpiInOut
                0x08004714        0xa build/sx126x_board.o
                0x08004714                Sx1276SpiInOut
 *fill*         0x0800471e        0x2 
 .text.SX126xWaitOnBusy
                0x08004720       0x14 build/sx126x_board.o
                0x08004720                SX126xWaitOnBusy
 .text.SX126xWakeup
                0x08004734       0x20 build/sx126x_board.o
                0x08004734                SX126xWakeup
 .text.SX126xWriteCommand
                0x08004754       0x3c build/sx126x_board.o
                0x08004754                SX126xWriteCommand
 .text.SX126xReadCommand
                0x08004790       0x3e build/sx126x_board.o
                0x08004790                SX126xReadCommand
 .text.SX126xWriteRegisters
                0x080047ce       0x42 build/sx126x_board.o
                0x080047ce                SX126xWriteRegisters
 .text.SX126xWriteRegister
                0x08004810       0x18 build/sx126x_board.o
                0x08004810                SX126xWriteRegister
 .text.SX126xReadRegisters
                0x08004828       0x4a build/sx126x_board.o
                0x08004828                SX126xReadRegisters
 .text.SX126xReadRegister
                0x08004872       0x18 build/sx126x_board.o
                0x08004872                SX126xReadRegister
 .text.SX126xWriteBuffer
                0x0800488a       0x3c build/sx126x_board.o
                0x0800488a                SX126xWriteBuffer
 .text.SX126xReadBuffer
                0x080048c6       0x44 build/sx126x_board.o
                0x080048c6                SX126xReadBuffer
 .text.SX126xSetRfTxPower
                0x0800490a        0xa build/sx126x_board.o
                0x0800490a                SX126xSetRfTxPower
 .text.SX126xGetPaSelect
                0x08004914        0x4 build/sx126x_board.o
                0x08004914                SX126xGetPaSelect
 .text.SX126xAntSwOn
                0x08004918        0x2 build/sx126x_board.o
                0x08004918                SX126xAntSwOn
 .text.SX126xAntSwOff
                0x0800491a        0x2 build/sx126x_board.o
                0x0800491a                SX126xAntSwOff
 .text.SX126xOnTxDone
                0x0800491c       0x28 build/sx126x_Init.o
 .text.SX126xOnTxTimeout
                0x08004944       0x20 build/sx126x_Init.o
 .text.SX126xOnRxTimeout
                0x08004964       0x20 build/sx126x_Init.o
 .text.SX126xOnRxError
                0x08004984       0x20 build/sx126x_Init.o
 .text.SX126xOnRxDone
                0x080049a4       0x58 build/sx126x_Init.o
 .text.Radio_Init
                0x080049fc       0xbc build/sx126x_Init.o
                0x080049fc                Radio_Init
 .text.SX126xGetOperatingMode
                0x08004ab8        0xc build/sx126x.o
                0x08004ab8                SX126xGetOperatingMode
 .text.SX126xCheckDeviceReady
                0x08004ac4       0x1a build/sx126x.o
                0x08004ac4                SX126xCheckDeviceReady
 .text.SX126xSetPayload
                0x08004ade        0xe build/sx126x.o
                0x08004ade                SX126xSetPayload
 .text.SX126xSetSyncWord
                0x08004aec       0x12 build/sx126x.o
                0x08004aec                SX126xSetSyncWord
 *fill*         0x08004afe        0x2 
 .text.SX126xSetSleep
                0x08004b00       0x28 build/sx126x.o
                0x08004b00                SX126xSetSleep
 .text.SX126xSetStandby
                0x08004b28       0x34 build/sx126x.o
                0x08004b28                SX126xSetStandby
 .text.SX126xSetTx
                0x08004b5c       0x34 build/sx126x.o
                0x08004b5c                SX126xSetTx
 .text.SX126xSendPayload
                0x08004b90       0x10 build/sx126x.o
                0x08004b90                SX126xSendPayload
 .text.SX126xSetRx
                0x08004ba0       0x34 build/sx126x.o
                0x08004ba0                SX126xSetRx
 .text.SX126xSetRxBoosted
                0x08004bd4       0x3c build/sx126x.o
                0x08004bd4                SX126xSetRxBoosted
 .text.SX126xSetRxDutyCycle
                0x08004c10       0x48 build/sx126x.o
                0x08004c10                SX126xSetRxDutyCycle
 .text.SX126xSetTxContinuousWave
                0x08004c58        0xe build/sx126x.o
                0x08004c58                SX126xSetTxContinuousWave
 .text.SX126xSetStopRxTimerOnPreambleDetect
                0x08004c66       0x1a build/sx126x.o
                0x08004c66                SX126xSetStopRxTimerOnPreambleDetect
 .text.SX126xSetLoRaSymbNumTimeout
                0x08004c80       0x1a build/sx126x.o
                0x08004c80                SX126xSetLoRaSymbNumTimeout
 .text.SX126xSetRegulatorMode
                0x08004c9a       0x1a build/sx126x.o
                0x08004c9a                SX126xSetRegulatorMode
 .text.SX126xCalibrateImage
                0x08004cb4       0x8c build/sx126x.o
                0x08004cb4                SX126xCalibrateImage
 .text.SX126xSetPaConfig
                0x08004d40       0x26 build/sx126x.o
                0x08004d40                SX126xSetPaConfig
 .text.SX126xSetDioIrqParams
                0x08004d66       0x3e build/sx126x.o
                0x08004d66                SX126xSetDioIrqParams
 .text.SX126xGetIrqStatus
                0x08004da4       0x20 build/sx126x.o
                0x08004da4                SX126xGetIrqStatus
 .text.SX126xSetDio2AsRfSwitchCtrl
                0x08004dc4       0x1a build/sx126x.o
                0x08004dc4                SX126xSetDio2AsRfSwitchCtrl
 *fill*         0x08004dde        0x2 
 .text.SX126xInit
                0x08004de0       0x24 build/sx126x.o
                0x08004de0                SX126xInit
 *fill*         0x08004e04        0x4 
 .text.SX126xSetRfFrequency
                0x08004e08       0x64 build/sx126x.o
                0x08004e08                SX126xSetRfFrequency
 .text.SX126xSetPacketType
                0x08004e6c       0x24 build/sx126x.o
                0x08004e6c                SX126xSetPacketType
 .text.SX126xGetPacketType
                0x08004e90        0xc build/sx126x.o
                0x08004e90                SX126xGetPacketType
 .text.SX126xSetCrcSeed
                0x08004e9c       0x28 build/sx126x.o
                0x08004e9c                SX126xSetCrcSeed
 .text.SX126xSetCrcPolynomial
                0x08004ec4       0x28 build/sx126x.o
                0x08004ec4                SX126xSetCrcPolynomial
 .text.SX126xSetWhiteningSeed
                0x08004eec       0x32 build/sx126x.o
                0x08004eec                SX126xSetWhiteningSeed
 .text.SX126xSetTxParams
                0x08004f1e       0x8c build/sx126x.o
                0x08004f1e                SX126xSetTxParams
 *fill*         0x08004faa        0x6 
 .text.SX126xSetModulationParams
                0x08004fb0       0xdc build/sx126x.o
                0x08004fb0                SX126xSetModulationParams
 .text.SX126xSetPacketParams
                0x0800508c       0xcc build/sx126x.o
                0x0800508c                SX126xSetPacketParams
 .text.SX126xSetCadParams
                0x08005158       0x44 build/sx126x.o
                0x08005158                SX126xSetCadParams
 .text.SX126xSetCad
                0x0800519c       0x3c build/sx126x.o
                0x0800519c                SX126xSetCad
 .text.SX126xSetBufferBaseAddress
                0x080051d8       0x1c build/sx126x.o
                0x080051d8                SX126xSetBufferBaseAddress
 .text.SX126xGetRssiInst
                0x080051f4       0x1c build/sx126x.o
                0x080051f4                SX126xGetRssiInst
 .text.SX126xGetRxBufferStatus
                0x08005210       0x46 build/sx126x.o
                0x08005210                SX126xGetRxBufferStatus
 .text.SX126xGetPayload
                0x08005256       0x34 build/sx126x.o
                0x08005256                SX126xGetPayload
 *fill*         0x0800528a        0x2 
 .text.SX126xGetPacketStatus
                0x0800528c       0x8c build/sx126x.o
                0x0800528c                SX126xGetPacketStatus
 .text.SX126xClearIrqStatus
                0x08005318       0x1e build/sx126x.o
                0x08005318                SX126xClearIrqStatus
 *fill*         0x08005336        0x2 
 .text.writeRtcBKP
                0x08005338       0x5c build/mcu_fn.o
                0x08005338                writeRtcBKP
 .text.readRtcBKP
                0x08005394       0x4c build/mcu_fn.o
                0x08005394                readRtcBKP
 .text.STMFLASH_ReadHalfWord
                0x080053e0        0x6 build/mcu_flash.o
                0x080053e0                STMFLASH_ReadHalfWord
 .text.FlashRead
                0x080053e6       0x22 build/mcu_flash.o
                0x080053e6                FlashRead
 .text.Reset_Handler
                0x08005408       0x48 build/startup_stm32f103xe.o
                0x08005408                Reset_Handler
 .text.Default_Handler
                0x08005450        0x2 build/startup_stm32f103xe.o
                0x08005450                EXTI2_IRQHandler
                0x08005450                TIM8_TRG_COM_IRQHandler
                0x08005450                TIM8_CC_IRQHandler
                0x08005450                TIM1_CC_IRQHandler
                0x08005450                TIM6_IRQHandler
                0x08005450                PVD_IRQHandler
                0x08005450                SDIO_IRQHandler
                0x08005450                EXTI3_IRQHandler
                0x08005450                EXTI0_IRQHandler
                0x08005450                I2C2_EV_IRQHandler
                0x08005450                ADC1_2_IRQHandler
                0x08005450                SPI1_IRQHandler
                0x08005450                TAMPER_IRQHandler
                0x08005450                TIM8_UP_IRQHandler
                0x08005450                DMA2_Channel2_IRQHandler
                0x08005450                DMA1_Channel4_IRQHandler
                0x08005450                USART3_IRQHandler
                0x08005450                RTC_IRQHandler
                0x08005450                DMA1_Channel7_IRQHandler
                0x08005450                CAN1_RX1_IRQHandler
                0x08005450                UART5_IRQHandler
                0x08005450                ADC3_IRQHandler
                0x08005450                TIM4_IRQHandler
                0x08005450                DMA2_Channel1_IRQHandler
                0x08005450                I2C1_EV_IRQHandler
                0x08005450                DMA1_Channel6_IRQHandler
                0x08005450                UART4_IRQHandler
                0x08005450                TIM3_IRQHandler
                0x08005450                RCC_IRQHandler
                0x08005450                TIM1_TRG_COM_IRQHandler
                0x08005450                DMA1_Channel1_IRQHandler
                0x08005450                Default_Handler
                0x08005450                EXTI15_10_IRQHandler
                0x08005450                TIM7_IRQHandler
                0x08005450                TIM5_IRQHandler
                0x08005450                EXTI9_5_IRQHandler
                0x08005450                SPI2_IRQHandler
                0x08005450                DMA1_Channel5_IRQHandler
                0x08005450                EXTI4_IRQHandler
                0x08005450                USB_LP_CAN1_RX0_IRQHandler
                0x08005450                USB_HP_CAN1_TX_IRQHandler
                0x08005450                DMA1_Channel3_IRQHandler
                0x08005450                FSMC_IRQHandler
                0x08005450                TIM1_UP_IRQHandler
                0x08005450                WWDG_IRQHandler
                0x08005450                TIM2_IRQHandler
                0x08005450                TIM1_BRK_IRQHandler
                0x08005450                EXTI1_IRQHandler
                0x08005450                DMA2_Channel4_5_IRQHandler
                0x08005450                USART2_IRQHandler
                0x08005450                I2C2_ER_IRQHandler
                0x08005450                DMA1_Channel2_IRQHandler
                0x08005450                TIM8_BRK_IRQHandler
                0x08005450                CAN1_SCE_IRQHandler
                0x08005450                FLASH_IRQHandler
                0x08005450                USART1_IRQHandler
                0x08005450                SPI3_IRQHandler
                0x08005450                I2C1_ER_IRQHandler
                0x08005450                USBWakeUp_IRQHandler
                0x08005450                DMA2_Channel3_IRQHandler
 .text.memset   0x08005452       0x10 c:/program files (x86)/arm gnu toolchain arm-none-eabi/12.2 rel1/bin/../lib/gcc/arm-none-eabi/12.2.1/thumb/v7-m/nofp\libc_nano.a(libc_a-memset.o)
                0x08005452                memset
 *fill*         0x08005462        0x2 
 .text.__libc_init_array
                0x08005464       0x48 c:/program files (x86)/arm gnu toolchain arm-none-eabi/12.2 rel1/bin/../lib/gcc/arm-none-eabi/12.2.1/thumb/v7-m/nofp\libc_nano.a(libc_a-init.o)
                0x08005464                __libc_init_array
 .text.memcpy   0x080054ac       0x1c c:/program files (x86)/arm gnu toolchain arm-none-eabi/12.2 rel1/bin/../lib/gcc/arm-none-eabi/12.2.1/thumb/v7-m/nofp\libc_nano.a(libc_a-memcpy-stub.o)
                0x080054ac                memcpy
 .text.pow      0x080054c8       0xdc c:/program files (x86)/arm gnu toolchain arm-none-eabi/12.2 rel1/bin/../lib/gcc/arm-none-eabi/12.2.1/thumb/v7-m/nofp\libm.a(libm_a-w_pow.o)
                0x080054c8                pow
 .text.sqrt     0x080055a4       0x50 c:/program files (x86)/arm gnu toolchain arm-none-eabi/12.2 rel1/bin/../lib/gcc/arm-none-eabi/12.2.1/thumb/v7-m/nofp\libm.a(libm_a-w_sqrt.o)
                0x080055a4                sqrt
 .text.finite   0x080055f4        0xc c:/program files (x86)/arm gnu toolchain arm-none-eabi/12.2 rel1/bin/../lib/gcc/arm-none-eabi/12.2.1/thumb/v7-m/nofp\libm.a(libm_a-s_finite.o)
                0x080055f4                finite
 .text.__ieee754_sqrt
                0x08005600      0x1dc c:/program files (x86)/arm gnu toolchain arm-none-eabi/12.2 rel1/bin/../lib/gcc/arm-none-eabi/12.2.1/thumb/v7-m/nofp\libm.a(libm_a-e_sqrt.o)
                0x08005600                __ieee754_sqrt
 *fill*         0x080057dc        0x4 
 .text.ceil     0x080057e0      0x100 c:/program files (x86)/arm gnu toolchain arm-none-eabi/12.2 rel1/bin/../lib/gcc/arm-none-eabi/12.2.1/thumb/v7-m/nofp\libm.a(libm_a-s_ceil.o)
                0x080057e0                ceil
 .text.floor    0x080058e0      0x108 c:/program files (x86)/arm gnu toolchain arm-none-eabi/12.2 rel1/bin/../lib/gcc/arm-none-eabi/12.2.1/thumb/v7-m/nofp\libm.a(libm_a-s_floor.o)
                0x080058e0                floor
 .text.rint     0x080059e8      0x130 c:/program files (x86)/arm gnu toolchain arm-none-eabi/12.2 rel1/bin/../lib/gcc/arm-none-eabi/12.2.1/thumb/v7-m/nofp\libm.a(libm_a-s_rint.o)
                0x080059e8                rint
 .text.round    0x08005b18       0x9c c:/program files (x86)/arm gnu toolchain arm-none-eabi/12.2 rel1/bin/../lib/gcc/arm-none-eabi/12.2.1/thumb/v7-m/nofp\libm.a(libm_a-s_round.o)
                0x08005b18                round
 *fill*         0x08005bb4        0x4 
 .text.__ieee754_pow
                0x08005bb8      0xb4c c:/program files (x86)/arm gnu toolchain arm-none-eabi/12.2 rel1/bin/../lib/gcc/arm-none-eabi/12.2.1/thumb/v7-m/nofp\libm.a(libm_a-e_pow.o)
                0x08005bb8                __ieee754_pow
 .text.fabs     0x08006704        0x8 c:/program files (x86)/arm gnu toolchain arm-none-eabi/12.2 rel1/bin/../lib/gcc/arm-none-eabi/12.2.1/thumb/v7-m/nofp\libm.a(libm_a-s_fabs.o)
                0x08006704                fabs
 *fill*         0x0800670c        0x4 
 .text.scalbn   0x08006710      0x104 c:/program files (x86)/arm gnu toolchain arm-none-eabi/12.2 rel1/bin/../lib/gcc/arm-none-eabi/12.2.1/thumb/v7-m/nofp\libm.a(libm_a-s_scalbn.o)
                0x08006710                scalbn
 .text.with_errno
                0x08006814       0x18 c:/program files (x86)/arm gnu toolchain arm-none-eabi/12.2 rel1/bin/../lib/gcc/arm-none-eabi/12.2.1/thumb/v7-m/nofp\libm.a(libm_a-math_err.o)
 .text.xflow    0x0800682c       0x28 c:/program files (x86)/arm gnu toolchain arm-none-eabi/12.2 rel1/bin/../lib/gcc/arm-none-eabi/12.2.1/thumb/v7-m/nofp\libm.a(libm_a-math_err.o)
 .text.__math_uflow
                0x08006854        0xc c:/program files (x86)/arm gnu toolchain arm-none-eabi/12.2 rel1/bin/../lib/gcc/arm-none-eabi/12.2.1/thumb/v7-m/nofp\libm.a(libm_a-math_err.o)
                0x08006854                __math_uflow
 .text.__math_oflow
                0x08006860        0xc c:/program files (x86)/arm gnu toolchain arm-none-eabi/12.2 rel1/bin/../lib/gcc/arm-none-eabi/12.2.1/thumb/v7-m/nofp\libm.a(libm_a-math_err.o)
                0x08006860                __math_oflow
 .text.arm_cfft_radix8by2_f32
                0x0800686c      0x2a8 Middlewares/ST/ARM/DSP/Lib/libarm_cortexM3l_math.a(arm_cfft_f32.o)
                0x0800686c                arm_cfft_radix8by2_f32
 .text.arm_cfft_radix8by4_f32
                0x08006b14      0x738 Middlewares/ST/ARM/DSP/Lib/libarm_cortexM3l_math.a(arm_cfft_f32.o)
                0x08006b14                arm_cfft_radix8by4_f32
 .text.arm_cfft_f32
                0x0800724c       0xf4 Middlewares/ST/ARM/DSP/Lib/libarm_cortexM3l_math.a(arm_cfft_f32.o)
                0x0800724c                arm_cfft_f32
 .text.arm_bitreversal_32
                0x08007340       0x48 Middlewares/ST/ARM/DSP/Lib/libarm_cortexM3l_math.a(arm_bitreversal2.o)
                0x08007340                arm_bitreversal_32
 .text.arm_cmplx_mult_real_f32
                0x08007388      0x134 Middlewares/ST/ARM/DSP/Lib/libarm_cortexM3l_math.a(arm_cmplx_mult_real_f32.o)
                0x08007388                arm_cmplx_mult_real_f32
 .text.arm_radix8_butterfly_f32
                0x080074bc      0x970 Middlewares/ST/ARM/DSP/Lib/libarm_cortexM3l_math.a(arm_cfft_radix8_f32.o)
                0x080074bc                arm_radix8_butterfly_f32
 .text.__errno  0x08007e2c        0xc c:/program files (x86)/arm gnu toolchain arm-none-eabi/12.2 rel1/bin/../lib/gcc/arm-none-eabi/12.2.1/thumb/v7-m/nofp\libc_nano.a(libc_a-errno.o)
                0x08007e2c                __errno
 *(.glue_7)
 .glue_7        0x08007e38        0x0 linker stubs
 *(.glue_7t)
 .glue_7t       0x08007e38        0x0 linker stubs
 *(.eh_frame)
 .eh_frame      0x08007e38        0x0 c:/program files (x86)/arm gnu toolchain arm-none-eabi/12.2 rel1/bin/../lib/gcc/arm-none-eabi/12.2.1/thumb/v7-m/nofp/crtbegin.o
 *(.init)
 .init          0x08007e38        0x4 c:/program files (x86)/arm gnu toolchain arm-none-eabi/12.2 rel1/bin/../lib/gcc/arm-none-eabi/12.2.1/thumb/v7-m/nofp/crti.o
                0x08007e38                _init
 .init          0x08007e3c        0x8 c:/program files (x86)/arm gnu toolchain arm-none-eabi/12.2 rel1/bin/../lib/gcc/arm-none-eabi/12.2.1/thumb/v7-m/nofp/crtn.o
 *(.fini)
 .fini          0x08007e44        0x4 c:/program files (x86)/arm gnu toolchain arm-none-eabi/12.2 rel1/bin/../lib/gcc/arm-none-eabi/12.2.1/thumb/v7-m/nofp/crti.o
                0x08007e44                _fini
 .fini          0x08007e48        0x8 c:/program files (x86)/arm gnu toolchain arm-none-eabi/12.2 rel1/bin/../lib/gcc/arm-none-eabi/12.2.1/thumb/v7-m/nofp/crtn.o
                0x08007e50                . = ALIGN (0x4)
                0x08007e50                _etext = .

.vfp11_veneer   0x08007e50        0x0
 .vfp11_veneer  0x08007e50        0x0 linker stubs

.v4_bx          0x08007e50        0x0
 .v4_bx         0x08007e50        0x0 linker stubs

.iplt           0x08007e50        0x0
 .iplt          0x08007e50        0x0 c:/program files (x86)/arm gnu toolchain arm-none-eabi/12.2 rel1/bin/../lib/gcc/arm-none-eabi/12.2.1/thumb/v7-m/nofp/crtbegin.o

.rodata         0x08007e50    0x15708
                0x08007e50                . = ALIGN (0x4)
 *(.rodata)
 .rodata        0x08007e50        0x8 build/radio.o
 .rodata        0x08007e58       0x11 build/sx126x.o
 *(.rodata*)
 *fill*         0x08007e69        0x3 
 .rodata.aPredivFactorTable.0
                0x08007e6c        0x2 build/stm32f1xx_hal_rcc.o
 *fill*         0x08007e6e        0x2 
 .rodata.aPLLMULFactorTable.1
                0x08007e70       0x10 build/stm32f1xx_hal_rcc.o
 .rodata.aPredivFactorTable.0
                0x08007e80        0x2 build/stm32f1xx_hal_rcc_ex.o
 *fill*         0x08007e82        0x2 
 .rodata.aPLLMULFactorTable.1
                0x08007e84       0x10 build/stm32f1xx_hal_rcc_ex.o
 .rodata.APBPrescTable
                0x08007e94        0x8 build/system_stm32f1xx.o
                0x08007e94                APBPrescTable
 .rodata.AHBPrescTable
                0x08007e9c       0x10 build/system_stm32f1xx.o
                0x08007e9c                AHBPrescTable
 *fill*         0x08007eac        0x4 
 .rodata.RadioLoRaSymbTime
                0x08007eb0       0x90 build/radio.o
 .rodata.Bandwidths
                0x08007f40        0x3 build/radio.o
                0x08007f40                Bandwidths
 *fill*         0x08007f43        0x1 
 .rodata.FskBandwidths
                0x08007f44       0xb0 build/radio.o
                0x08007f44                FskBandwidths
 .rodata.Radio  0x08007ff4       0x6c build/radio.o
                0x08007ff4                Radio
 .rodata.TWO52  0x08008060       0x10 c:/program files (x86)/arm gnu toolchain arm-none-eabi/12.2 rel1/bin/../lib/gcc/arm-none-eabi/12.2.1/thumb/v7-m/nofp\libm.a(libm_a-s_rint.o)
 .rodata.arm_cfft_sR_f32_len1024
                0x08008070       0x10 Middlewares/ST/ARM/DSP/Lib/libarm_cortexM3l_math.a(arm_const_structs.o)
                0x08008070                arm_cfft_sR_f32_len1024
 .rodata.arm_cfft_sR_f32_len128
                0x08008080       0x10 Middlewares/ST/ARM/DSP/Lib/libarm_cortexM3l_math.a(arm_const_structs.o)
                0x08008080                arm_cfft_sR_f32_len128
 .rodata.arm_cfft_sR_f32_len16
                0x08008090       0x10 Middlewares/ST/ARM/DSP/Lib/libarm_cortexM3l_math.a(arm_const_structs.o)
                0x08008090                arm_cfft_sR_f32_len16
 .rodata.arm_cfft_sR_f32_len2048
                0x080080a0       0x10 Middlewares/ST/ARM/DSP/Lib/libarm_cortexM3l_math.a(arm_const_structs.o)
                0x080080a0                arm_cfft_sR_f32_len2048
 .rodata.arm_cfft_sR_f32_len256
                0x080080b0       0x10 Middlewares/ST/ARM/DSP/Lib/libarm_cortexM3l_math.a(arm_const_structs.o)
                0x080080b0                arm_cfft_sR_f32_len256
 .rodata.arm_cfft_sR_f32_len32
                0x080080c0       0x10 Middlewares/ST/ARM/DSP/Lib/libarm_cortexM3l_math.a(arm_const_structs.o)
                0x080080c0                arm_cfft_sR_f32_len32
 .rodata.arm_cfft_sR_f32_len4096
                0x080080d0       0x10 Middlewares/ST/ARM/DSP/Lib/libarm_cortexM3l_math.a(arm_const_structs.o)
                0x080080d0                arm_cfft_sR_f32_len4096
 .rodata.arm_cfft_sR_f32_len512
                0x080080e0       0x10 Middlewares/ST/ARM/DSP/Lib/libarm_cortexM3l_math.a(arm_const_structs.o)
                0x080080e0                arm_cfft_sR_f32_len512
 .rodata.arm_cfft_sR_f32_len64
                0x080080f0       0x10 Middlewares/ST/ARM/DSP/Lib/libarm_cortexM3l_math.a(arm_const_structs.o)
                0x080080f0                arm_cfft_sR_f32_len64
 .rodata.armBitRevIndexTable1024
                0x08008100      0xe10 Middlewares/ST/ARM/DSP/Lib/libarm_cortexM3l_math.a(arm_common_tables.o)
                0x08008100                armBitRevIndexTable1024
 .rodata.armBitRevIndexTable128
                0x08008f10      0x1a0 Middlewares/ST/ARM/DSP/Lib/libarm_cortexM3l_math.a(arm_common_tables.o)
                0x08008f10                armBitRevIndexTable128
 .rodata.armBitRevIndexTable16
                0x080090b0       0x28 Middlewares/ST/ARM/DSP/Lib/libarm_cortexM3l_math.a(arm_common_tables.o)
                0x080090b0                armBitRevIndexTable16
 .rodata.armBitRevIndexTable2048
                0x080090d8     0x1dc0 Middlewares/ST/ARM/DSP/Lib/libarm_cortexM3l_math.a(arm_common_tables.o)
                0x080090d8                armBitRevIndexTable2048
 .rodata.armBitRevIndexTable256
                0x0800ae98      0x370 Middlewares/ST/ARM/DSP/Lib/libarm_cortexM3l_math.a(arm_common_tables.o)
                0x0800ae98                armBitRevIndexTable256
 .rodata.armBitRevIndexTable32
                0x0800b208       0x60 Middlewares/ST/ARM/DSP/Lib/libarm_cortexM3l_math.a(arm_common_tables.o)
                0x0800b208                armBitRevIndexTable32
 .rodata.armBitRevIndexTable4096
                0x0800b268     0x1f80 Middlewares/ST/ARM/DSP/Lib/libarm_cortexM3l_math.a(arm_common_tables.o)
                0x0800b268                armBitRevIndexTable4096
 .rodata.armBitRevIndexTable512
                0x0800d1e8      0x380 Middlewares/ST/ARM/DSP/Lib/libarm_cortexM3l_math.a(arm_common_tables.o)
                0x0800d1e8                armBitRevIndexTable512
 .rodata.armBitRevIndexTable64
                0x0800d568       0x70 Middlewares/ST/ARM/DSP/Lib/libarm_cortexM3l_math.a(arm_common_tables.o)
                0x0800d568                armBitRevIndexTable64
 .rodata.twiddleCoef_1024
                0x0800d5d8     0x2000 Middlewares/ST/ARM/DSP/Lib/libarm_cortexM3l_math.a(arm_common_tables.o)
                0x0800d5d8                twiddleCoef_1024
 .rodata.twiddleCoef_128
                0x0800f5d8      0x400 Middlewares/ST/ARM/DSP/Lib/libarm_cortexM3l_math.a(arm_common_tables.o)
                0x0800f5d8                twiddleCoef_128
 .rodata.twiddleCoef_16
                0x0800f9d8       0x80 Middlewares/ST/ARM/DSP/Lib/libarm_cortexM3l_math.a(arm_common_tables.o)
                0x0800f9d8                twiddleCoef_16
 .rodata.twiddleCoef_2048
                0x0800fa58     0x4000 Middlewares/ST/ARM/DSP/Lib/libarm_cortexM3l_math.a(arm_common_tables.o)
                0x0800fa58                twiddleCoef_2048
 .rodata.twiddleCoef_256
                0x08013a58      0x800 Middlewares/ST/ARM/DSP/Lib/libarm_cortexM3l_math.a(arm_common_tables.o)
                0x08013a58                twiddleCoef_256
 .rodata.twiddleCoef_32
                0x08014258      0x100 Middlewares/ST/ARM/DSP/Lib/libarm_cortexM3l_math.a(arm_common_tables.o)
                0x08014258                twiddleCoef_32
 .rodata.twiddleCoef_4096
                0x08014358     0x8000 Middlewares/ST/ARM/DSP/Lib/libarm_cortexM3l_math.a(arm_common_tables.o)
                0x08014358                twiddleCoef_4096
 .rodata.twiddleCoef_512
                0x0801c358     0x1000 Middlewares/ST/ARM/DSP/Lib/libarm_cortexM3l_math.a(arm_common_tables.o)
                0x0801c358                twiddleCoef_512
 .rodata.twiddleCoef_64
                0x0801d358      0x200 Middlewares/ST/ARM/DSP/Lib/libarm_cortexM3l_math.a(arm_common_tables.o)
                0x0801d358                twiddleCoef_64
                0x0801d558                . = ALIGN (0x4)

.rel.dyn        0x0801d558        0x0
 .rel.iplt      0x0801d558        0x0 c:/program files (x86)/arm gnu toolchain arm-none-eabi/12.2 rel1/bin/../lib/gcc/arm-none-eabi/12.2.1/thumb/v7-m/nofp/crtbegin.o

.ARM.extab
 *(.ARM.extab* .gnu.linkonce.armextab.*)

.ARM            0x0801d558        0x0
                0x0801d558                __exidx_start = .
 *(.ARM.exidx*)
                0x0801d558                __exidx_end = .

.preinit_array  0x0801d558        0x0
                0x0801d558                PROVIDE (__preinit_array_start = .)
 *(.preinit_array*)
                0x0801d558                PROVIDE (__preinit_array_end = .)

.init_array     0x0801d558        0x4
                0x0801d558                PROVIDE (__init_array_start = .)
 *(SORT_BY_NAME(.init_array.*))
 *(.init_array*)
 .init_array    0x0801d558        0x4 c:/program files (x86)/arm gnu toolchain arm-none-eabi/12.2 rel1/bin/../lib/gcc/arm-none-eabi/12.2.1/thumb/v7-m/nofp/crtbegin.o
                0x0801d55c                PROVIDE (__init_array_end = .)

.fini_array     0x0801d55c        0x4
                [!provide]                PROVIDE (__fini_array_start = .)
 *(SORT_BY_NAME(.fini_array.*))
 *(.fini_array*)
 .fini_array    0x0801d55c        0x4 c:/program files (x86)/arm gnu toolchain arm-none-eabi/12.2 rel1/bin/../lib/gcc/arm-none-eabi/12.2.1/thumb/v7-m/nofp/crtbegin.o
                [!provide]                PROVIDE (__fini_array_end = .)
                0x0801d560                _sidata = LOADADDR (.data)

.data           0x20000000     0x10a8 load address 0x0801d560
                0x20000000                . = ALIGN (0x4)
                0x20000000                _sdata = .
 *(.data)
 *(.data*)
 .data.uwTickFreq
                0x20000000        0x1 build/stm32f1xx_hal.o
                0x20000000                uwTickFreq
 *fill*         0x20000001        0x3 
 .data.uwTickPrio
                0x20000004        0x4 build/stm32f1xx_hal.o
                0x20000004                uwTickPrio
 .data.SystemCoreClock
                0x20000008        0x4 build/system_stm32f1xx.o
                0x20000008                SystemCoreClock
 .data.WindowCoef1024
                0x2000000c     0x1000 build/WindowCoeff.o
                0x2000000c                WindowCoef1024
 .data.integ    0x2000100c        0x4 build/double_integral.o
                0x2000100c                integ
 .data.MaxPayloadLength
                0x20001010        0x1 build/radio.o
                0x20001010                MaxPayloadLength
 *fill*         0x20001011        0x1 
 .data.RF_RX_Count
                0x20001012        0x2 build/sx126x_Init.o
                0x20001012                RF_RX_Count
 .data.stackValue
                0x20001014       0x20 build/mcu_fn.o
                0x20001014                stackValue
 .data.info     0x20001034       0x14 build/mcu_fn.o
                0x20001034                info
 .data._impure_ptr
                0x20001048        0x4 c:/program files (x86)/arm gnu toolchain arm-none-eabi/12.2 rel1/bin/../lib/gcc/arm-none-eabi/12.2.1/thumb/v7-m/nofp\libc_nano.a(libc_a-impure.o)
                0x20001048                _impure_ptr
 .data._impure_data
                0x2000104c       0x4c c:/program files (x86)/arm gnu toolchain arm-none-eabi/12.2 rel1/bin/../lib/gcc/arm-none-eabi/12.2.1/thumb/v7-m/nofp\libc_nano.a(libc_a-impure.o)
                0x2000104c                _impure_data
 .data.tiny     0x20001098        0x8 c:/program files (x86)/arm gnu toolchain arm-none-eabi/12.2 rel1/bin/../lib/gcc/arm-none-eabi/12.2.1/thumb/v7-m/nofp\libm.a(libm_a-e_sqrt.o)
 .data.one      0x200010a0        0x8 c:/program files (x86)/arm gnu toolchain arm-none-eabi/12.2 rel1/bin/../lib/gcc/arm-none-eabi/12.2.1/thumb/v7-m/nofp\libm.a(libm_a-e_sqrt.o)
                0x200010a8                . = ALIGN (0x4)
                0x200010a8                _edata = .

.tm_clone_table
                0x200010a8        0x0 load address 0x0801e608
 .tm_clone_table
                0x200010a8        0x0 c:/program files (x86)/arm gnu toolchain arm-none-eabi/12.2 rel1/bin/../lib/gcc/arm-none-eabi/12.2.1/thumb/v7-m/nofp/crtbegin.o
 .tm_clone_table
                0x200010a8        0x0 c:/program files (x86)/arm gnu toolchain arm-none-eabi/12.2 rel1/bin/../lib/gcc/arm-none-eabi/12.2.1/thumb/v7-m/nofp/crtend.o

.igot.plt       0x200010a8        0x0 load address 0x0801e608
 .igot.plt      0x200010a8        0x0 c:/program files (x86)/arm gnu toolchain arm-none-eabi/12.2 rel1/bin/../lib/gcc/arm-none-eabi/12.2.1/thumb/v7-m/nofp/crtbegin.o
                0x200010a8                . = ALIGN (0x4)

.bss            0x200010a8     0x5510 load address 0x0801e608
                0x200010a8                _sbss = .
                0x200010a8                __bss_start__ = _sbss
 *(.bss)
 *(.bss*)
 .bss.completed.1
                0x200010a8        0x1 c:/program files (x86)/arm gnu toolchain arm-none-eabi/12.2 rel1/bin/../lib/gcc/arm-none-eabi/12.2.1/thumb/v7-m/nofp/crtbegin.o
 *fill*         0x200010a9        0x3 
 .bss.object.0  0x200010ac       0x18 c:/program files (x86)/arm gnu toolchain arm-none-eabi/12.2 rel1/bin/../lib/gcc/arm-none-eabi/12.2.1/thumb/v7-m/nofp/crtbegin.o
 .bss.signalsend
                0x200010c4        0x1 build/main.o
                0x200010c4                signalsend
 *fill*         0x200010c5        0x3 
 .bss.amplitude
                0x200010c8        0x4 build/main.o
                0x200010c8                amplitude
 .bss.freq      0x200010cc        0x4 build/main.o
                0x200010cc                freq
 .bss.hspi1     0x200010d0       0x58 build/spi.o
                0x200010d0                hspi1
 .bss.hrtc      0x20001128       0x14 build/rtc.o
                0x20001128                hrtc
 .bss.temp      0x2000113c        0x4 build/adc.o
                0x2000113c                temp
 .bss.hadc1     0x20001140       0x30 build/adc.o
                0x20001140                hadc1
 .bss.huart3    0x20001170       0x48 build/usart.o
                0x20001170                huart3
 .bss.uwTick    0x200011b8        0x4 build/stm32f1xx_hal.o
                0x200011b8                uwTick
 .bss.god       0x200011bc       0x34 build/double_integral.o
                0x200011bc                god
 .bss.wave_buf  0x200011f0     0x1000 build/double_integral.o
 .bss.fft_buf   0x200021f0     0x2000 build/double_integral.o
 .bss.adc_temp  0x200041f0     0x1000 build/fft_handle.o
                0x200041f0                adc_temp
 .bss.ADC2_buff
                0x200051f0      0x800 build/fft_handle.o
                0x200051f0                ADC2_buff
 .bss.ADC1_buff
                0x200059f0      0x800 build/fft_handle.o
                0x200059f0                ADC1_buff
 .bss.SX126x    0x200061f0       0x3c build/radio.o
                0x200061f0                SX126x
 .bss.RadioEvents
                0x2000622c        0x4 build/radio.o
 .bss.RadioPublicNetwork
                0x20006230        0x2 build/radio.o
 .bss.IrqFired  0x20006232        0x1 build/radio.o
                0x20006232                IrqFired
 *fill*         0x20006233        0x1 
 .bss.RadioRxPayload
                0x20006234       0xff build/radio.o
                0x20006234                RadioRxPayload
 *fill*         0x20006333        0x1 
 .bss.RadioPktStatus
                0x20006334       0x14 build/radio.o
                0x20006334                RadioPktStatus
 .bss.RxContinuous
                0x20006348        0x1 build/radio.o
                0x20006348                RxContinuous
 *fill*         0x20006349        0x3 
 .bss.RxTimeout
                0x2000634c        0x4 build/radio.o
                0x2000634c                RxTimeout
 .bss.TxTimeout
                0x20006350        0x4 build/radio.o
                0x20006350                TxTimeout
 .bss.RF_RX_Buffer
                0x20006354      0x100 build/sx126x_Init.o
                0x20006354                RF_RX_Buffer
 .bss.SnrValue  0x20006454        0x1 build/sx126x_Init.o
                0x20006454                SnrValue
 .bss.RssiValue
                0x20006455        0x1 build/sx126x_Init.o
                0x20006455                RssiValue
 .bss.OCP_Value
                0x20006456        0x1 build/sx126x_Init.o
                0x20006456                OCP_Value
 .bss.SX1262_State
                0x20006457        0x1 build/sx126x_Init.o
                0x20006457                SX1262_State
 .bss.SX126xRadioEvents
                0x20006458       0x1c build/sx126x_Init.o
 .bss.ImageCalibrated
                0x20006474        0x1 build/sx126x.o
 *fill*         0x20006475        0x3 
 .bss.FrequencyError
                0x20006478        0x4 build/sx126x.o
                0x20006478                FrequencyError
 .bss.PacketType
                0x2000647c        0x1 build/sx126x.o
 .bss.OperatingMode
                0x2000647d        0x1 build/sx126x.o
 *fill*         0x2000647e        0x2 
 .bss.__sf      0x20006480      0x138 c:/program files (x86)/arm gnu toolchain arm-none-eabi/12.2 rel1/bin/../lib/gcc/arm-none-eabi/12.2.1/thumb/v7-m/nofp\libc_nano.a(libc_a-findfp.o)
                0x20006480                __sf
 *(COMMON)
                0x200065b8                . = ALIGN (0x4)
                0x200065b8                _ebss = .
                0x200065b8                __bss_end__ = _ebss

._user_heap_stack
                0x200065b8      0xc00 load address 0x0801e608
                0x200065b8                . = ALIGN (0x8)
                0x200065b8                PROVIDE (end = .)
                [!provide]                PROVIDE (_end = .)
                0x200069b8                . = (. + _Min_Heap_Size)
 *fill*         0x200065b8      0x400 
                0x200071b8                . = (. + _Min_Stack_Size)
 *fill*         0x200069b8      0x800 
                0x200071b8                . = ALIGN (0x8)

/DISCARD/
 libc.a(*)
 libm.a(*)
 libgcc.a(*)

.ARM.attributes
                0x00000000       0x29
 *(.ARM.attributes)
 .ARM.attributes
                0x00000000       0x1d c:/program files (x86)/arm gnu toolchain arm-none-eabi/12.2 rel1/bin/../lib/gcc/arm-none-eabi/12.2.1/thumb/v7-m/nofp/crti.o
 .ARM.attributes
                0x0000001d       0x2d c:/program files (x86)/arm gnu toolchain arm-none-eabi/12.2 rel1/bin/../lib/gcc/arm-none-eabi/12.2.1/thumb/v7-m/nofp/crtbegin.o
 .ARM.attributes
                0x0000004a       0x2d build/main.o
 .ARM.attributes
                0x00000077       0x2d build/gpio.o
 .ARM.attributes
                0x000000a4       0x2d build/spi.o
 .ARM.attributes
                0x000000d1       0x2d build/rtc.o
 .ARM.attributes
                0x000000fe       0x2d build/adc.o
 .ARM.attributes
                0x0000012b       0x2d build/usart.o
 .ARM.attributes
                0x00000158       0x2d build/stm32f1xx_it.o
 .ARM.attributes
                0x00000185       0x2d build/stm32f1xx_hal_msp.o
 .ARM.attributes
                0x000001b2       0x2d build/stm32f1xx_hal_spi.o
 .ARM.attributes
                0x000001df       0x2d build/stm32f1xx_hal.o
 .ARM.attributes
                0x0000020c       0x2d build/stm32f1xx_hal_rcc.o
 .ARM.attributes
                0x00000239       0x2d build/stm32f1xx_hal_rtc.o
 .ARM.attributes
                0x00000266       0x2d build/stm32f1xx_hal_rcc_ex.o
 .ARM.attributes
                0x00000293       0x2d build/stm32f1xx_hal_adc.o
 .ARM.attributes
                0x000002c0       0x2d build/stm32f1xx_hal_rtc_ex.o
 .ARM.attributes
                0x000002ed       0x2d build/stm32f1xx_hal_gpio.o
 .ARM.attributes
                0x0000031a       0x2d build/stm32f1xx_hal_cortex.o
 .ARM.attributes
                0x00000347       0x2d build/stm32f1xx_hal_pwr.o
 .ARM.attributes
                0x00000374       0x2d build/stm32f1xx_hal_uart.o
 .ARM.attributes
                0x000003a1       0x2d build/system_stm32f1xx.o
 .ARM.attributes
                0x000003ce       0x2d build/WindowCoeff.o
 .ARM.attributes
                0x000003fb       0x2d build/double_integral.o
 .ARM.attributes
                0x00000428       0x2d build/fft_handle.o
 .ARM.attributes
                0x00000455       0x2d build/radio.o
 .ARM.attributes
                0x00000482       0x2d build/sx126x_board.o
 .ARM.attributes
                0x000004af       0x2d build/sx126x_Init.o
 .ARM.attributes
                0x000004dc       0x2d build/sx126x.o
 .ARM.attributes
                0x00000509       0x2d build/mcu_fn.o
 .ARM.attributes
                0x00000536       0x2d build/mcu_flash.o
 .ARM.attributes
                0x00000563       0x21 build/startup_stm32f103xe.o
 .ARM.attributes
                0x00000584       0x2d c:/program files (x86)/arm gnu toolchain arm-none-eabi/12.2 rel1/bin/../lib/gcc/arm-none-eabi/12.2.1/thumb/v7-m/nofp\libc_nano.a(libc_a-findfp.o)
 .ARM.attributes
                0x000005b1       0x2d c:/program files (x86)/arm gnu toolchain arm-none-eabi/12.2 rel1/bin/../lib/gcc/arm-none-eabi/12.2.1/thumb/v7-m/nofp\libc_nano.a(libc_a-memset.o)
 .ARM.attributes
                0x000005de       0x2d c:/program files (x86)/arm gnu toolchain arm-none-eabi/12.2 rel1/bin/../lib/gcc/arm-none-eabi/12.2.1/thumb/v7-m/nofp\libc_nano.a(libc_a-impure.o)
 .ARM.attributes
                0x0000060b       0x2d c:/program files (x86)/arm gnu toolchain arm-none-eabi/12.2 rel1/bin/../lib/gcc/arm-none-eabi/12.2.1/thumb/v7-m/nofp\libc_nano.a(libc_a-init.o)
 .ARM.attributes
                0x00000638       0x2d c:/program files (x86)/arm gnu toolchain arm-none-eabi/12.2 rel1/bin/../lib/gcc/arm-none-eabi/12.2.1/thumb/v7-m/nofp\libc_nano.a(libc_a-memcpy-stub.o)
 .ARM.attributes
                0x00000665       0x2d c:/program files (x86)/arm gnu toolchain arm-none-eabi/12.2 rel1/bin/../lib/gcc/arm-none-eabi/12.2.1/thumb/v7-m/nofp\libm.a(libm_a-w_pow.o)
 .ARM.attributes
                0x00000692       0x2d c:/program files (x86)/arm gnu toolchain arm-none-eabi/12.2 rel1/bin/../lib/gcc/arm-none-eabi/12.2.1/thumb/v7-m/nofp\libm.a(libm_a-w_sqrt.o)
 .ARM.attributes
                0x000006bf       0x2d c:/program files (x86)/arm gnu toolchain arm-none-eabi/12.2 rel1/bin/../lib/gcc/arm-none-eabi/12.2.1/thumb/v7-m/nofp\libm.a(libm_a-s_finite.o)
 .ARM.attributes
                0x000006ec       0x2d c:/program files (x86)/arm gnu toolchain arm-none-eabi/12.2 rel1/bin/../lib/gcc/arm-none-eabi/12.2.1/thumb/v7-m/nofp\libm.a(libm_a-e_sqrt.o)
 .ARM.attributes
                0x00000719       0x2d c:/program files (x86)/arm gnu toolchain arm-none-eabi/12.2 rel1/bin/../lib/gcc/arm-none-eabi/12.2.1/thumb/v7-m/nofp\libm.a(libm_a-s_ceil.o)
 .ARM.attributes
                0x00000746       0x2d c:/program files (x86)/arm gnu toolchain arm-none-eabi/12.2 rel1/bin/../lib/gcc/arm-none-eabi/12.2.1/thumb/v7-m/nofp\libm.a(libm_a-s_floor.o)
 .ARM.attributes
                0x00000773       0x2d c:/program files (x86)/arm gnu toolchain arm-none-eabi/12.2 rel1/bin/../lib/gcc/arm-none-eabi/12.2.1/thumb/v7-m/nofp\libm.a(libm_a-s_rint.o)
 .ARM.attributes
                0x000007a0       0x2d c:/program files (x86)/arm gnu toolchain arm-none-eabi/12.2 rel1/bin/../lib/gcc/arm-none-eabi/12.2.1/thumb/v7-m/nofp\libm.a(libm_a-s_round.o)
 .ARM.attributes
                0x000007cd       0x2d c:/program files (x86)/arm gnu toolchain arm-none-eabi/12.2 rel1/bin/../lib/gcc/arm-none-eabi/12.2.1/thumb/v7-m/nofp\libm.a(libm_a-e_pow.o)
 .ARM.attributes
                0x000007fa       0x2d c:/program files (x86)/arm gnu toolchain arm-none-eabi/12.2 rel1/bin/../lib/gcc/arm-none-eabi/12.2.1/thumb/v7-m/nofp\libm.a(libm_a-s_fabs.o)
 .ARM.attributes
                0x00000827       0x2d c:/program files (x86)/arm gnu toolchain arm-none-eabi/12.2 rel1/bin/../lib/gcc/arm-none-eabi/12.2.1/thumb/v7-m/nofp\libm.a(libm_a-s_scalbn.o)
 .ARM.attributes
                0x00000854       0x2d c:/program files (x86)/arm gnu toolchain arm-none-eabi/12.2 rel1/bin/../lib/gcc/arm-none-eabi/12.2.1/thumb/v7-m/nofp\libm.a(libm_a-math_err.o)
 .ARM.attributes
                0x00000881       0x33 Middlewares/ST/ARM/DSP/Lib/libarm_cortexM3l_math.a(arm_const_structs.o)
 .ARM.attributes
                0x000008b4       0x33 Middlewares/ST/ARM/DSP/Lib/libarm_cortexM3l_math.a(arm_common_tables.o)
 .ARM.attributes
                0x000008e7       0x2d Middlewares/ST/ARM/DSP/Lib/libarm_cortexM3l_math.a(arm_cfft_f32.o)
 .ARM.attributes
                0x00000914       0x2d Middlewares/ST/ARM/DSP/Lib/libarm_cortexM3l_math.a(arm_bitreversal2.o)
 .ARM.attributes
                0x00000941       0x2d Middlewares/ST/ARM/DSP/Lib/libarm_cortexM3l_math.a(arm_cmplx_mult_real_f32.o)
 .ARM.attributes
                0x0000096e       0x2d Middlewares/ST/ARM/DSP/Lib/libarm_cortexM3l_math.a(arm_cfft_radix8_f32.o)
 .ARM.attributes
                0x0000099b       0x1d c:/program files (x86)/arm gnu toolchain arm-none-eabi/12.2 rel1/bin/../lib/gcc/arm-none-eabi/12.2.1/thumb/v7-m/nofp\libgcc.a(_arm_addsubdf3.o)
 .ARM.attributes
                0x000009b8       0x1d c:/program files (x86)/arm gnu toolchain arm-none-eabi/12.2 rel1/bin/../lib/gcc/arm-none-eabi/12.2.1/thumb/v7-m/nofp\libgcc.a(_arm_muldivdf3.o)
 .ARM.attributes
                0x000009d5       0x1d c:/program files (x86)/arm gnu toolchain arm-none-eabi/12.2 rel1/bin/../lib/gcc/arm-none-eabi/12.2.1/thumb/v7-m/nofp\libgcc.a(_arm_cmpdf2.o)
 .ARM.attributes
                0x000009f2       0x1d c:/program files (x86)/arm gnu toolchain arm-none-eabi/12.2 rel1/bin/../lib/gcc/arm-none-eabi/12.2.1/thumb/v7-m/nofp\libgcc.a(_arm_unorddf2.o)
 .ARM.attributes
                0x00000a0f       0x1d c:/program files (x86)/arm gnu toolchain arm-none-eabi/12.2 rel1/bin/../lib/gcc/arm-none-eabi/12.2.1/thumb/v7-m/nofp\libgcc.a(_arm_fixunsdfsi.o)
 .ARM.attributes
                0x00000a2c       0x1d c:/program files (x86)/arm gnu toolchain arm-none-eabi/12.2 rel1/bin/../lib/gcc/arm-none-eabi/12.2.1/thumb/v7-m/nofp\libgcc.a(_arm_truncdfsf2.o)
 .ARM.attributes
                0x00000a49       0x1d c:/program files (x86)/arm gnu toolchain arm-none-eabi/12.2 rel1/bin/../lib/gcc/arm-none-eabi/12.2.1/thumb/v7-m/nofp\libgcc.a(_arm_addsubsf3.o)
 .ARM.attributes
                0x00000a66       0x1d c:/program files (x86)/arm gnu toolchain arm-none-eabi/12.2 rel1/bin/../lib/gcc/arm-none-eabi/12.2.1/thumb/v7-m/nofp\libgcc.a(_arm_muldivsf3.o)
 .ARM.attributes
                0x00000a83       0x1d c:/program files (x86)/arm gnu toolchain arm-none-eabi/12.2 rel1/bin/../lib/gcc/arm-none-eabi/12.2.1/thumb/v7-m/nofp\libgcc.a(_arm_cmpsf2.o)
 .ARM.attributes
                0x00000aa0       0x1d c:/program files (x86)/arm gnu toolchain arm-none-eabi/12.2 rel1/bin/../lib/gcc/arm-none-eabi/12.2.1/thumb/v7-m/nofp\libgcc.a(_arm_fixsfsi.o)
 .ARM.attributes
                0x00000abd       0x1d c:/program files (x86)/arm gnu toolchain arm-none-eabi/12.2 rel1/bin/../lib/gcc/arm-none-eabi/12.2.1/thumb/v7-m/nofp\libgcc.a(_arm_fixunssfsi.o)
 .ARM.attributes
                0x00000ada       0x2d c:/program files (x86)/arm gnu toolchain arm-none-eabi/12.2 rel1/bin/../lib/gcc/arm-none-eabi/12.2.1/thumb/v7-m/nofp\libc_nano.a(libc_a-errno.o)
 .ARM.attributes
                0x00000b07       0x2d c:/program files (x86)/arm gnu toolchain arm-none-eabi/12.2 rel1/bin/../lib/gcc/arm-none-eabi/12.2.1/thumb/v7-m/nofp/crtend.o
 .ARM.attributes
                0x00000b34       0x1d c:/program files (x86)/arm gnu toolchain arm-none-eabi/12.2 rel1/bin/../lib/gcc/arm-none-eabi/12.2.1/thumb/v7-m/nofp/crtn.o
OUTPUT(build/stm32f103rctx+sx1262+sound2.elf elf32-littlearm)
LOAD linker stubs
LOAD c:/program files (x86)/arm gnu toolchain arm-none-eabi/12.2 rel1/bin/../lib/gcc/arm-none-eabi/12.2.1/thumb/v7-m/nofp\libc.a
LOAD c:/program files (x86)/arm gnu toolchain arm-none-eabi/12.2 rel1/bin/../lib/gcc/arm-none-eabi/12.2.1/thumb/v7-m/nofp\libm.a
LOAD c:/program files (x86)/arm gnu toolchain arm-none-eabi/12.2 rel1/bin/../lib/gcc/arm-none-eabi/12.2.1/thumb/v7-m/nofp\libgcc.a

.debug_info     0x00000000    0x223a7
 .debug_info    0x00000000      0xec0 build/main.o
 .debug_info    0x00000ec0      0x441 build/gpio.o
 .debug_info    0x00001301      0xa2e build/spi.o
 .debug_info    0x00001d2f      0x82d build/rtc.o
 .debug_info    0x0000255c      0xbd7 build/adc.o
 .debug_info    0x00003133      0x93f build/usart.o
 .debug_info    0x00003a72      0x3ed build/stm32f1xx_it.o
 .debug_info    0x00003e5f      0x238 build/stm32f1xx_hal_msp.o
 .debug_info    0x00004097     0x1f21 build/stm32f1xx_hal_spi.o
 .debug_info    0x00005fb8      0x8e6 build/stm32f1xx_hal.o
 .debug_info    0x0000689e      0xb10 build/stm32f1xx_hal_rcc.o
 .debug_info    0x000073ae     0x15f9 build/stm32f1xx_hal_rtc.o
 .debug_info    0x000089a7      0x4bf build/stm32f1xx_hal_rcc_ex.o
 .debug_info    0x00008e66     0x108e build/stm32f1xx_hal_adc.o
 .debug_info    0x00009ef4      0xa53 build/stm32f1xx_hal_rtc_ex.o
 .debug_info    0x0000a947      0x6d7 build/stm32f1xx_hal_gpio.o
 .debug_info    0x0000b01e      0xe79 build/stm32f1xx_hal_cortex.o
 .debug_info    0x0000be97      0x748 build/stm32f1xx_hal_pwr.o
 .debug_info    0x0000c5df     0x43db build/stm32f1xx_hal_uart.o
 .debug_info    0x000109ba      0x26e build/system_stm32f1xx.o
 .debug_info    0x00010c28       0xad build/WindowCoeff.o
 .debug_info    0x00010cd5      0xa8c build/double_integral.o
 .debug_info    0x00011761      0x385 build/fft_handle.o
 .debug_info    0x00011ae6     0x274a build/radio.o
 .debug_info    0x00014230      0xcc8 build/sx126x_board.o
 .debug_info    0x00014ef8      0xe35 build/sx126x_Init.o
 .debug_info    0x00015d2d     0x2302 build/sx126x.o
 .debug_info    0x0001802f     0x19bc build/mcu_fn.o
 .debug_info    0x000199eb      0x4db build/mcu_flash.o
 .debug_info    0x00019ec6       0x30 build/startup_stm32f103xe.o
 .debug_info    0x00019ef6     0x1d16 Middlewares/ST/ARM/DSP/Lib/libarm_cortexM3l_math.a(arm_const_structs.o)
 .debug_info    0x0001bc0c     0x1a84 Middlewares/ST/ARM/DSP/Lib/libarm_cortexM3l_math.a(arm_common_tables.o)
 .debug_info    0x0001d690     0x1c6a Middlewares/ST/ARM/DSP/Lib/libarm_cortexM3l_math.a(arm_cfft_f32.o)
 .debug_info    0x0001f2fa     0x16ac Middlewares/ST/ARM/DSP/Lib/libarm_cortexM3l_math.a(arm_bitreversal2.o)
 .debug_info    0x000209a6      0xb07 Middlewares/ST/ARM/DSP/Lib/libarm_cortexM3l_math.a(arm_cmplx_mult_real_f32.o)
 .debug_info    0x000214ad      0xefa Middlewares/ST/ARM/DSP/Lib/libarm_cortexM3l_math.a(arm_cfft_radix8_f32.o)

.debug_abbrev   0x00000000     0x4fe3
 .debug_abbrev  0x00000000      0x2f4 build/main.o
 .debug_abbrev  0x000002f4      0x14e build/gpio.o
 .debug_abbrev  0x00000442      0x214 build/spi.o
 .debug_abbrev  0x00000656      0x1e0 build/rtc.o
 .debug_abbrev  0x00000836      0x243 build/adc.o
 .debug_abbrev  0x00000a79      0x1fd build/usart.o
 .debug_abbrev  0x00000c76      0x14a build/stm32f1xx_it.o
 .debug_abbrev  0x00000dc0       0xe7 build/stm32f1xx_hal_msp.o
 .debug_abbrev  0x00000ea7      0x2c6 build/stm32f1xx_hal_spi.o
 .debug_abbrev  0x0000116d      0x232 build/stm32f1xx_hal.o
 .debug_abbrev  0x0000139f      0x2d6 build/stm32f1xx_hal_rcc.o
 .debug_abbrev  0x00001675      0x295 build/stm32f1xx_hal_rtc.o
 .debug_abbrev  0x0000190a      0x1d4 build/stm32f1xx_hal_rcc_ex.o
 .debug_abbrev  0x00001ade      0x282 build/stm32f1xx_hal_adc.o
 .debug_abbrev  0x00001d60      0x2a2 build/stm32f1xx_hal_rtc_ex.o
 .debug_abbrev  0x00002002      0x222 build/stm32f1xx_hal_gpio.o
 .debug_abbrev  0x00002224      0x3aa build/stm32f1xx_hal_cortex.o
 .debug_abbrev  0x000025ce      0x1fc build/stm32f1xx_hal_pwr.o
 .debug_abbrev  0x000027ca      0x35f build/stm32f1xx_hal_uart.o
 .debug_abbrev  0x00002b29      0x140 build/system_stm32f1xx.o
 .debug_abbrev  0x00002c69       0xa7 build/WindowCoeff.o
 .debug_abbrev  0x00002d10      0x27c build/double_integral.o
 .debug_abbrev  0x00002f8c      0x18e build/fft_handle.o
 .debug_abbrev  0x0000311a      0x43d build/radio.o
 .debug_abbrev  0x00003557      0x22a build/sx126x_board.o
 .debug_abbrev  0x00003781      0x286 build/sx126x_Init.o
 .debug_abbrev  0x00003a07      0x3a6 build/sx126x.o
 .debug_abbrev  0x00003dad      0x373 build/mcu_fn.o
 .debug_abbrev  0x00004120      0x1b5 build/mcu_flash.o
 .debug_abbrev  0x000042d5       0x1d build/startup_stm32f103xe.o
 .debug_abbrev  0x000042f2      0x201 Middlewares/ST/ARM/DSP/Lib/libarm_cortexM3l_math.a(arm_const_structs.o)
 .debug_abbrev  0x000044f3      0x1dd Middlewares/ST/ARM/DSP/Lib/libarm_cortexM3l_math.a(arm_common_tables.o)
 .debug_abbrev  0x000046d0      0x2ef Middlewares/ST/ARM/DSP/Lib/libarm_cortexM3l_math.a(arm_cfft_f32.o)
 .debug_abbrev  0x000049bf      0x21a Middlewares/ST/ARM/DSP/Lib/libarm_cortexM3l_math.a(arm_bitreversal2.o)
 .debug_abbrev  0x00004bd9      0x1ff Middlewares/ST/ARM/DSP/Lib/libarm_cortexM3l_math.a(arm_cmplx_mult_real_f32.o)
 .debug_abbrev  0x00004dd8      0x20b Middlewares/ST/ARM/DSP/Lib/libarm_cortexM3l_math.a(arm_cfft_radix8_f32.o)

.debug_loc      0x00000000    0x138a8
 .debug_loc     0x00000000       0x89 build/main.o
 .debug_loc     0x00000089       0x39 build/gpio.o
 .debug_loc     0x000000c2      0x16f build/spi.o
 .debug_loc     0x00000231      0x103 build/rtc.o
 .debug_loc     0x00000334      0x1e3 build/adc.o
 .debug_loc     0x00000517      0x108 build/usart.o
 .debug_loc     0x0000061f       0x40 build/stm32f1xx_it.o
 .debug_loc     0x0000065f       0x41 build/stm32f1xx_hal_msp.o
 .debug_loc     0x000006a0     0x2568 build/stm32f1xx_hal_spi.o
 .debug_loc     0x00002c08      0x1e1 build/stm32f1xx_hal.o
 .debug_loc     0x00002de9      0x790 build/stm32f1xx_hal_rcc.o
 .debug_loc     0x00003579     0x1a73 build/stm32f1xx_hal_rtc.o
 .debug_loc     0x00004fec      0x41e build/stm32f1xx_hal_rcc_ex.o
 .debug_loc     0x0000540a      0xe64 build/stm32f1xx_hal_adc.o
 .debug_loc     0x0000626e      0x6ea build/stm32f1xx_hal_rtc_ex.o
 .debug_loc     0x00006958      0x53c build/stm32f1xx_hal_gpio.o
 .debug_loc     0x00006e94      0x782 build/stm32f1xx_hal_cortex.o
 .debug_loc     0x00007616      0x182 build/stm32f1xx_hal_pwr.o
 .debug_loc     0x00007798     0x4ece build/stm32f1xx_hal_uart.o
 .debug_loc     0x0000c666       0xff build/system_stm32f1xx.o
 .debug_loc     0x0000c765       0x43 build/WindowCoeff.o
 .debug_loc     0x0000c7a8      0x542 build/double_integral.o
 .debug_loc     0x0000ccea      0x23e build/fft_handle.o
 .debug_loc     0x0000cf28     0x12ac build/radio.o
 .debug_loc     0x0000e1d4      0x720 build/sx126x_board.o
 .debug_loc     0x0000e8f4      0x38f build/sx126x_Init.o
 .debug_loc     0x0000ec83     0x139d build/sx126x.o
 .debug_loc     0x00010020      0x5e8 build/mcu_fn.o
 .debug_loc     0x00010608      0x3a9 build/mcu_flash.o
 .debug_loc     0x000109b1     0x18f9 Middlewares/ST/ARM/DSP/Lib/libarm_cortexM3l_math.a(arm_cfft_f32.o)
 .debug_loc     0x000122aa      0x1e2 Middlewares/ST/ARM/DSP/Lib/libarm_cortexM3l_math.a(arm_bitreversal2.o)
 .debug_loc     0x0001248c      0x34b Middlewares/ST/ARM/DSP/Lib/libarm_cortexM3l_math.a(arm_cmplx_mult_real_f32.o)
 .debug_loc     0x000127d7     0x10d1 Middlewares/ST/ARM/DSP/Lib/libarm_cortexM3l_math.a(arm_cfft_radix8_f32.o)

.debug_aranges  0x00000000     0x1190
 .debug_aranges
                0x00000000       0x30 build/main.o
 .debug_aranges
                0x00000030       0x20 build/gpio.o
 .debug_aranges
                0x00000050       0x38 build/spi.o
 .debug_aranges
                0x00000088       0x30 build/rtc.o
 .debug_aranges
                0x000000b8       0x40 build/adc.o
 .debug_aranges
                0x000000f8       0x30 build/usart.o
 .debug_aranges
                0x00000128       0x68 build/stm32f1xx_it.o
 .debug_aranges
                0x00000190       0x20 build/stm32f1xx_hal_msp.o
 .debug_aranges
                0x000001b0      0x1d0 build/stm32f1xx_hal_spi.o
 .debug_aranges
                0x00000380       0xe0 build/stm32f1xx_hal.o
 .debug_aranges
                0x00000460       0x90 build/stm32f1xx_hal_rcc.o
 .debug_aranges
                0x000004f0       0xf8 build/stm32f1xx_hal_rtc.o
 .debug_aranges
                0x000005e8       0x30 build/stm32f1xx_hal_rcc_ex.o
 .debug_aranges
                0x00000618       0xf0 build/stm32f1xx_hal_adc.o
 .debug_aranges
                0x00000708       0x88 build/stm32f1xx_hal_rtc_ex.o
 .debug_aranges
                0x00000790       0x58 build/stm32f1xx_hal_gpio.o
 .debug_aranges
                0x000007e8       0xc0 build/stm32f1xx_hal_cortex.o
 .debug_aranges
                0x000008a8       0xa8 build/stm32f1xx_hal_pwr.o
 .debug_aranges
                0x00000950      0x208 build/stm32f1xx_hal_uart.o
 .debug_aranges
                0x00000b58       0x28 build/system_stm32f1xx.o
 .debug_aranges
                0x00000b80       0x20 build/WindowCoeff.o
 .debug_aranges
                0x00000ba0       0x38 build/double_integral.o
 .debug_aranges
                0x00000bd8       0x38 build/fft_handle.o
 .debug_aranges
                0x00000c10      0x130 build/radio.o
 .debug_aranges
                0x00000d40       0xb0 build/sx126x_board.o
 .debug_aranges
                0x00000df0       0x80 build/sx126x_Init.o
 .debug_aranges
                0x00000e70      0x190 build/sx126x.o
 .debug_aranges
                0x00001000       0x68 build/mcu_fn.o
 .debug_aranges
                0x00001068       0x38 build/mcu_flash.o
 .debug_aranges
                0x000010a0       0x28 build/startup_stm32f103xe.o
 .debug_aranges
                0x000010c8       0x18 Middlewares/ST/ARM/DSP/Lib/libarm_cortexM3l_math.a(arm_const_structs.o)
 .debug_aranges
                0x000010e0       0x18 Middlewares/ST/ARM/DSP/Lib/libarm_cortexM3l_math.a(arm_common_tables.o)
 .debug_aranges
                0x000010f8       0x30 Middlewares/ST/ARM/DSP/Lib/libarm_cortexM3l_math.a(arm_cfft_f32.o)
 .debug_aranges
                0x00001128       0x28 Middlewares/ST/ARM/DSP/Lib/libarm_cortexM3l_math.a(arm_bitreversal2.o)
 .debug_aranges
                0x00001150       0x20 Middlewares/ST/ARM/DSP/Lib/libarm_cortexM3l_math.a(arm_cmplx_mult_real_f32.o)
 .debug_aranges
                0x00001170       0x20 Middlewares/ST/ARM/DSP/Lib/libarm_cortexM3l_math.a(arm_cfft_radix8_f32.o)

.debug_ranges   0x00000000     0x1010
 .debug_ranges  0x00000000       0x20 build/main.o
 .debug_ranges  0x00000020       0x10 build/gpio.o
 .debug_ranges  0x00000030       0x28 build/spi.o
 .debug_ranges  0x00000058       0x20 build/rtc.o
 .debug_ranges  0x00000078       0x30 build/adc.o
 .debug_ranges  0x000000a8       0x20 build/usart.o
 .debug_ranges  0x000000c8       0x58 build/stm32f1xx_it.o
 .debug_ranges  0x00000120       0x10 build/stm32f1xx_hal_msp.o
 .debug_ranges  0x00000130      0x1c0 build/stm32f1xx_hal_spi.o
 .debug_ranges  0x000002f0       0xd0 build/stm32f1xx_hal.o
 .debug_ranges  0x000003c0       0xa0 build/stm32f1xx_hal_rcc.o
 .debug_ranges  0x00000460       0xe8 build/stm32f1xx_hal_rtc.o
 .debug_ranges  0x00000548       0x38 build/stm32f1xx_hal_rcc_ex.o
 .debug_ranges  0x00000580       0xe0 build/stm32f1xx_hal_adc.o
 .debug_ranges  0x00000660       0x78 build/stm32f1xx_hal_rtc_ex.o
 .debug_ranges  0x000006d8       0x48 build/stm32f1xx_hal_gpio.o
 .debug_ranges  0x00000720       0xb0 build/stm32f1xx_hal_cortex.o
 .debug_ranges  0x000007d0       0x98 build/stm32f1xx_hal_pwr.o
 .debug_ranges  0x00000868      0x210 build/stm32f1xx_hal_uart.o
 .debug_ranges  0x00000a78       0x18 build/system_stm32f1xx.o
 .debug_ranges  0x00000a90       0x10 build/WindowCoeff.o
 .debug_ranges  0x00000aa0       0x70 build/double_integral.o
 .debug_ranges  0x00000b10       0x28 build/fft_handle.o
 .debug_ranges  0x00000b38      0x150 build/radio.o
 .debug_ranges  0x00000c88       0xa0 build/sx126x_board.o
 .debug_ranges  0x00000d28       0x70 build/sx126x_Init.o
 .debug_ranges  0x00000d98      0x180 build/sx126x.o
 .debug_ranges  0x00000f18       0x58 build/mcu_fn.o
 .debug_ranges  0x00000f70       0x28 build/mcu_flash.o
 .debug_ranges  0x00000f98       0x20 build/startup_stm32f103xe.o
 .debug_ranges  0x00000fb8       0x20 Middlewares/ST/ARM/DSP/Lib/libarm_cortexM3l_math.a(arm_cfft_f32.o)
 .debug_ranges  0x00000fd8       0x18 Middlewares/ST/ARM/DSP/Lib/libarm_cortexM3l_math.a(arm_bitreversal2.o)
 .debug_ranges  0x00000ff0       0x10 Middlewares/ST/ARM/DSP/Lib/libarm_cortexM3l_math.a(arm_cmplx_mult_real_f32.o)
 .debug_ranges  0x00001000       0x10 Middlewares/ST/ARM/DSP/Lib/libarm_cortexM3l_math.a(arm_cfft_radix8_f32.o)

.debug_line     0x00000000    0x14595
 .debug_line    0x00000000      0x577 build/main.o
 .debug_line    0x00000577      0x24f build/gpio.o
 .debug_line    0x000007c6      0x351 build/spi.o
 .debug_line    0x00000b17      0x2bf build/rtc.o
 .debug_line    0x00000dd6      0x39f build/adc.o
 .debug_line    0x00001175      0x2f3 build/usart.o
 .debug_line    0x00001468      0x2e6 build/stm32f1xx_it.o
 .debug_line    0x0000174e      0x17c build/stm32f1xx_hal_msp.o
 .debug_line    0x000018ca     0x24e1 build/stm32f1xx_hal_spi.o
 .debug_line    0x00003dab      0x52e build/stm32f1xx_hal.o
 .debug_line    0x000042d9      0xc16 build/stm32f1xx_hal_rcc.o
 .debug_line    0x00004eef     0x10f9 build/stm32f1xx_hal_rtc.o
 .debug_line    0x00005fe8      0x4c1 build/stm32f1xx_hal_rcc_ex.o
 .debug_line    0x000064a9      0xede build/stm32f1xx_hal_adc.o
 .debug_line    0x00007387      0x713 build/stm32f1xx_hal_rtc_ex.o
 .debug_line    0x00007a9a      0x5bf build/stm32f1xx_hal_gpio.o
 .debug_line    0x00008059      0x6d1 build/stm32f1xx_hal_cortex.o
 .debug_line    0x0000872a      0x460 build/stm32f1xx_hal_pwr.o
 .debug_line    0x00008b8a     0x43ac build/stm32f1xx_hal_uart.o
 .debug_line    0x0000cf36      0x246 build/system_stm32f1xx.o
 .debug_line    0x0000d17c       0xad build/WindowCoeff.o
 .debug_line    0x0000d229      0x8ca build/double_integral.o
 .debug_line    0x0000daf3      0x25e build/fft_handle.o
 .debug_line    0x0000dd51      0xd9b build/radio.o
 .debug_line    0x0000eaec      0x54e build/sx126x_board.o
 .debug_line    0x0000f03a      0x528 build/sx126x_Init.o
 .debug_line    0x0000f562      0xe2e build/sx126x.o
 .debug_line    0x00010390      0x845 build/mcu_fn.o
 .debug_line    0x00010bd5      0x394 build/mcu_flash.o
 .debug_line    0x00010f69       0x75 build/startup_stm32f103xe.o
 .debug_line    0x00010fde      0x25a Middlewares/ST/ARM/DSP/Lib/libarm_cortexM3l_math.a(arm_const_structs.o)
 .debug_line    0x00011238      0x243 Middlewares/ST/ARM/DSP/Lib/libarm_cortexM3l_math.a(arm_common_tables.o)
 .debug_line    0x0001147b     0x1469 Middlewares/ST/ARM/DSP/Lib/libarm_cortexM3l_math.a(arm_cfft_f32.o)
 .debug_line    0x000128e4      0x356 Middlewares/ST/ARM/DSP/Lib/libarm_cortexM3l_math.a(arm_bitreversal2.o)
 .debug_line    0x00012c3a      0x38c Middlewares/ST/ARM/DSP/Lib/libarm_cortexM3l_math.a(arm_cmplx_mult_real_f32.o)
 .debug_line    0x00012fc6     0x15cf Middlewares/ST/ARM/DSP/Lib/libarm_cortexM3l_math.a(arm_cfft_radix8_f32.o)

.debug_str      0x00000000     0x6acc
 .debug_str     0x00000000      0x922 build/main.o
                                0x9f8 (size before relaxing)
 .debug_str     0x00000922       0x8b build/gpio.o
                                0x272 (size before relaxing)
 .debug_str     0x000009ad      0x204 build/spi.o
                                0x6c7 (size before relaxing)
 .debug_str     0x00000bb1      0x5c8 build/rtc.o
                                0x82c (size before relaxing)
 .debug_str     0x00001179      0x268 build/adc.o
                                0x71e (size before relaxing)
 .debug_str     0x000013e1       0x4e build/usart.o
                                0x6b9 (size before relaxing)
 .debug_str     0x0000142f       0xe1 build/stm32f1xx_it.o
                                0x3c0 (size before relaxing)
 .debug_str     0x00001510       0x57 build/stm32f1xx_hal_msp.o
                                0x206 (size before relaxing)
 .debug_str     0x00001567      0x55e build/stm32f1xx_hal_spi.o
                                0xb54 (size before relaxing)
 .debug_str     0x00001ac5      0x2d9 build/stm32f1xx_hal.o
                                0x8f9 (size before relaxing)
 .debug_str     0x00001d9e      0x1f3 build/stm32f1xx_hal_rcc.o
                                0x612 (size before relaxing)
 .debug_str     0x00001f91      0x38a build/stm32f1xx_hal_rtc.o
                                0x7a1 (size before relaxing)
 .debug_str     0x0000231b       0x81 build/stm32f1xx_hal_rcc_ex.o
                                0x3f8 (size before relaxing)
 .debug_str     0x0000239c      0x2ac build/stm32f1xx_hal_adc.o
                                0x8c1 (size before relaxing)
 .debug_str     0x00002648      0x226 build/stm32f1xx_hal_rtc_ex.o
                                0x633 (size before relaxing)
 .debug_str     0x0000286e       0xe7 build/stm32f1xx_hal_gpio.o
                                0x3e7 (size before relaxing)
 .debug_str     0x00002955      0x391 build/stm32f1xx_hal_cortex.o
                                0x99e (size before relaxing)
 .debug_str     0x00002ce6      0x201 build/stm32f1xx_hal_pwr.o
                                0x482 (size before relaxing)
 .debug_str     0x00002ee7      0x604 build/stm32f1xx_hal_uart.o
                                0xcdb (size before relaxing)
 .debug_str     0x000034eb       0x4f build/system_stm32f1xx.o
                                0x23b (size before relaxing)
 .debug_str     0x0000353a       0x2b build/WindowCoeff.o
                                0x126 (size before relaxing)
 .debug_str     0x00003565      0x2dc build/double_integral.o
                                0x4fa (size before relaxing)
 .debug_str     0x00003841       0x6b build/fft_handle.o
                                0x28c (size before relaxing)
 .debug_str     0x000038ac     0x104c build/radio.o
                               0x14c1 (size before relaxing)
 .debug_str     0x000048f8      0x476 build/sx126x_board.o
                                0x7fc (size before relaxing)
 .debug_str     0x00004d6e      0x195 build/sx126x_Init.o
                                0x5a1 (size before relaxing)
 .debug_str     0x00004f03      0x564 build/sx126x.o
                               0x1784 (size before relaxing)
 .debug_str     0x00005467      0x1cd build/mcu_fn.o
                                0xdee (size before relaxing)
 .debug_str     0x00005634      0x113 build/mcu_flash.o
                                0x315 (size before relaxing)
 .debug_str     0x00005747       0x32 build/startup_stm32f103xe.o
                                 0x72 (size before relaxing)
 .debug_str     0x00005779     0x10f6 Middlewares/ST/ARM/DSP/Lib/libarm_cortexM3l_math.a(arm_const_structs.o)
                               0x1334 (size before relaxing)
 .debug_str     0x0000686f       0x2e Middlewares/ST/ARM/DSP/Lib/libarm_cortexM3l_math.a(arm_common_tables.o)
                                0xcf5 (size before relaxing)
 .debug_str     0x0000689d      0x11c Middlewares/ST/ARM/DSP/Lib/libarm_cortexM3l_math.a(arm_cfft_f32.o)
                                0xe56 (size before relaxing)
 .debug_str     0x000069b9       0x5b Middlewares/ST/ARM/DSP/Lib/libarm_cortexM3l_math.a(arm_bitreversal2.o)
                                0xd4e (size before relaxing)
 .debug_str     0x00006a14       0x6b Middlewares/ST/ARM/DSP/Lib/libarm_cortexM3l_math.a(arm_cmplx_mult_real_f32.o)
                                0x670 (size before relaxing)
 .debug_str     0x00006a7f       0x4d Middlewares/ST/ARM/DSP/Lib/libarm_cortexM3l_math.a(arm_cfft_radix8_f32.o)
                                0x673 (size before relaxing)

.comment        0x00000000       0xba
 .comment       0x00000000       0x45 build/main.o
                                 0x46 (size before relaxing)
 .comment       0x00000045       0x46 build/gpio.o
 .comment       0x00000045       0x46 build/spi.o
 .comment       0x00000045       0x46 build/rtc.o
 .comment       0x00000045       0x46 build/adc.o
 .comment       0x00000045       0x46 build/usart.o
 .comment       0x00000045       0x46 build/stm32f1xx_it.o
 .comment       0x00000045       0x46 build/stm32f1xx_hal_msp.o
 .comment       0x00000045       0x46 build/stm32f1xx_hal_spi.o
 .comment       0x00000045       0x46 build/stm32f1xx_hal.o